---
http_interactions:
- request:
    method: get
    uri: https://dev.gitlab.org/api/v4/projects/gitlab%2Fomnibus-gitlab/pipelines?ref=11.1.0%2Brc9.ee.0&scope=tags
    body:
      encoding: US-ASCII
      string: ''
    headers:
      Accept:
      - application/json
      Content-Type:
      - application/x-www-form-urlencoded
      User-Agent:
      - Gitlab Ruby Gem 4.4.0
      Private-Token:
      - "[DEV_API_PRIVATE_TOKEN]"
  response:
    status:
      code: 200
      message: OK
    headers:
      Server:
      - nginx
      Date:
      - Thu, 12 Jul 2018 18:22:34 GMT
      Content-Type:
      - application/json
      Content-Length:
      - '106'
      Connection:
      - keep-alive
      Cache-Control:
      - max-age=0, private, must-revalidate
      Etag:
      - W/"d8c562eb342bbc88206d784a703d6eeb"
      Link:
      - <https://dev.gitlab.org/api/v4/projects/gitlab%2Fomnibus%2Dgitlab/pipelines?id=gitlab%2Fomnibus-gitlab&order_by=id&page=1&per_page=20&ref=11.1.0%2Brc9.ee.0&scope=tags&sort=desc>;
        rel="first", <https://dev.gitlab.org/api/v4/projects/gitlab%2Fomnibus%2Dgitlab/pipelines?id=gitlab%2Fomnibus-gitlab&order_by=id&page=1&per_page=20&ref=11.1.0%2Brc9.ee.0&scope=tags&sort=desc>;
        rel="last"
      Vary:
      - Origin
      X-Content-Type-Options:
      - nosniff
      X-Frame-Options:
      - SAMEORIGIN
      X-Next-Page:
      - ''
      X-Page:
      - '1'
      X-Per-Page:
      - '20'
      X-Prev-Page:
      - ''
      X-Request-Id:
      - 990067f2-4a67-4f61-bf8d-d183386abe6b
      X-Runtime:
      - '0.604179'
      X-Total:
      - '1'
      X-Total-Pages:
      - '1'
      Strict-Transport-Security:
      - max-age=31536000
    body:
      encoding: UTF-8
      string: '[{"id":86691,"sha":"1f4f4e4d5bd5f8a2219afb4a83f14a1dd709e7d7","ref":"11.1.0+rc9.ee.0","status":"success"}]'
    http_version: 
  recorded_at: Thu, 12 Jul 2018 18:22:34 GMT
- request:
    method: get
    uri: https://dev.gitlab.org/api/v4/projects/gitlab%2Fomnibus-gitlab/pipelines/86691/jobs?scope=manual
    body:
      encoding: US-ASCII
      string: ''
    headers:
      Accept:
      - application/json
      Content-Type:
      - application/x-www-form-urlencoded
      User-Agent:
      - Gitlab Ruby Gem 4.4.0
      Private-Token:
      - "[DEV_API_PRIVATE_TOKEN]"
  response:
    status:
      code: 200
      message: OK
    headers:
      Server:
      - nginx
      Date:
      - Thu, 12 Jul 2018 18:22:34 GMT
      Content-Type:
      - application/json
      Content-Length:
      - '23884'
      Connection:
      - keep-alive
      Vary:
      - Accept-Encoding
      - Origin
      Cache-Control:
      - max-age=0, private, must-revalidate
      Etag:
      - W/"7028acf67ec7748eb6b44f30c16aef12"
      Link:
      - <https://dev.gitlab.org/api/v4/projects/gitlab%2Fomnibus%2Dgitlab/pipelines/86691/jobs?id=gitlab%2Fomnibus-gitlab&page=1&per_page=20&pipeline_id=86691&scope%5B%5D=manual>;
        rel="first", <https://dev.gitlab.org/api/v4/projects/gitlab%2Fomnibus%2Dgitlab/pipelines/86691/jobs?id=gitlab%2Fomnibus-gitlab&page=1&per_page=20&pipeline_id=86691&scope%5B%5D=manual>;
        rel="last"
      X-Content-Type-Options:
      - nosniff
      X-Frame-Options:
      - SAMEORIGIN
      X-Next-Page:
      - ''
      X-Page:
      - '1'
      X-Per-Page:
      - '20'
      X-Prev-Page:
      - ''
      X-Request-Id:
      - c40e8460-e374-4d30-8038-11faa2ebd613
      X-Runtime:
      - '0.185459'
      X-Total:
      - '18'
      X-Total-Pages:
      - '1'
      Strict-Transport-Security:
      - max-age=31536000
    body:
      encoding: UTF-8
      string: '[{"id":2614572,"status":"manual","stage":"trigger-packages","name":"release:packages","ref":"11.1.0+rc9.ee.0","tag":true,"coverage":null,"created_at":"2018-07-12T11:25:34.106Z","started_at":null,"finished_at":null,"duration":null,"user":{"id":443,"name":"GitLab
        Release Tools Bot","username":"gitlab-release-tools-bot","state":"active","avatar_url":"https://dev.gitlab.org/uploads/-/system/user/avatar/443/ship-it-squirrel.png","web_url":"https://dev.gitlab.org/gitlab-release-tools-bot","created_at":"2018-05-21T19:59:15.157Z","bio":null,"location":null,"skype":"","linkedin":"","twitter":"","website_url":"","organization":null},"commit":{"id":"1f4f4e4d5bd5f8a2219afb4a83f14a1dd709e7d7","short_id":"1f4f4e4d","title":"Update
        VERSION to 11.1.0-rc9-ee","created_at":"2018-07-12T11:25:25.000Z","parent_ids":["b9cb807976642a9df5506ea1dc881a26a295feb2"],"message":"Update
        VERSION to 11.1.0-rc9-ee\n","author_name":"GitLab Release Tools Bot","author_email":"robert+release-tools@gitlab.com","authored_date":"2018-07-12T11:25:25.000Z","committer_name":"GitLab
        Release Tools Bot","committer_email":"robert+release-tools@gitlab.com","committed_date":"2018-07-12T11:25:25.000Z"},"pipeline":{"id":86691,"sha":"1f4f4e4d5bd5f8a2219afb4a83f14a1dd709e7d7","ref":"11.1.0+rc9.ee.0","status":"success"},"runner":null,"artifacts_expire_at":null},{"id":2614573,"status":"manual","stage":"package-release","name":"Ubuntu-14.04-release","ref":"11.1.0+rc9.ee.0","tag":true,"coverage":null,"created_at":"2018-07-12T11:25:34.122Z","started_at":null,"finished_at":null,"duration":null,"user":{"id":443,"name":"GitLab
        Release Tools Bot","username":"gitlab-release-tools-bot","state":"active","avatar_url":"https://dev.gitlab.org/uploads/-/system/user/avatar/443/ship-it-squirrel.png","web_url":"https://dev.gitlab.org/gitlab-release-tools-bot","created_at":"2018-05-21T19:59:15.157Z","bio":null,"location":null,"skype":"","linkedin":"","twitter":"","website_url":"","organization":null},"commit":{"id":"1f4f4e4d5bd5f8a2219afb4a83f14a1dd709e7d7","short_id":"1f4f4e4d","title":"Update
        VERSION to 11.1.0-rc9-ee","created_at":"2018-07-12T11:25:25.000Z","parent_ids":["b9cb807976642a9df5506ea1dc881a26a295feb2"],"message":"Update
        VERSION to 11.1.0-rc9-ee\n","author_name":"GitLab Release Tools Bot","author_email":"robert+release-tools@gitlab.com","authored_date":"2018-07-12T11:25:25.000Z","committer_name":"GitLab
        Release Tools Bot","committer_email":"robert+release-tools@gitlab.com","committed_date":"2018-07-12T11:25:25.000Z"},"pipeline":{"id":86691,"sha":"1f4f4e4d5bd5f8a2219afb4a83f14a1dd709e7d7","ref":"11.1.0+rc9.ee.0","status":"success"},"runner":null,"artifacts_expire_at":null},{"id":2614574,"status":"manual","stage":"package-release","name":"Ubuntu-16.04-release","ref":"11.1.0+rc9.ee.0","tag":true,"coverage":null,"created_at":"2018-07-12T11:25:34.139Z","started_at":null,"finished_at":null,"duration":null,"user":{"id":443,"name":"GitLab
        Release Tools Bot","username":"gitlab-release-tools-bot","state":"active","avatar_url":"https://dev.gitlab.org/uploads/-/system/user/avatar/443/ship-it-squirrel.png","web_url":"https://dev.gitlab.org/gitlab-release-tools-bot","created_at":"2018-05-21T19:59:15.157Z","bio":null,"location":null,"skype":"","linkedin":"","twitter":"","website_url":"","organization":null},"commit":{"id":"1f4f4e4d5bd5f8a2219afb4a83f14a1dd709e7d7","short_id":"1f4f4e4d","title":"Update
        VERSION to 11.1.0-rc9-ee","created_at":"2018-07-12T11:25:25.000Z","parent_ids":["b9cb807976642a9df5506ea1dc881a26a295feb2"],"message":"Update
        VERSION to 11.1.0-rc9-ee\n","author_name":"GitLab Release Tools Bot","author_email":"robert+release-tools@gitlab.com","authored_date":"2018-07-12T11:25:25.000Z","committer_name":"GitLab
        Release Tools Bot","committer_email":"robert+release-tools@gitlab.com","committed_date":"2018-07-12T11:25:25.000Z"},"pipeline":{"id":86691,"sha":"1f4f4e4d5bd5f8a2219afb4a83f14a1dd709e7d7","ref":"11.1.0+rc9.ee.0","status":"success"},"runner":null,"artifacts_expire_at":null},{"id":2614575,"status":"manual","stage":"package-release","name":"Ubuntu-18.04-release","ref":"11.1.0+rc9.ee.0","tag":true,"coverage":null,"created_at":"2018-07-12T11:25:34.155Z","started_at":null,"finished_at":null,"duration":null,"user":{"id":443,"name":"GitLab
        Release Tools Bot","username":"gitlab-release-tools-bot","state":"active","avatar_url":"https://dev.gitlab.org/uploads/-/system/user/avatar/443/ship-it-squirrel.png","web_url":"https://dev.gitlab.org/gitlab-release-tools-bot","created_at":"2018-05-21T19:59:15.157Z","bio":null,"location":null,"skype":"","linkedin":"","twitter":"","website_url":"","organization":null},"commit":{"id":"1f4f4e4d5bd5f8a2219afb4a83f14a1dd709e7d7","short_id":"1f4f4e4d","title":"Update
        VERSION to 11.1.0-rc9-ee","created_at":"2018-07-12T11:25:25.000Z","parent_ids":["b9cb807976642a9df5506ea1dc881a26a295feb2"],"message":"Update
        VERSION to 11.1.0-rc9-ee\n","author_name":"GitLab Release Tools Bot","author_email":"robert+release-tools@gitlab.com","authored_date":"2018-07-12T11:25:25.000Z","committer_name":"GitLab
        Release Tools Bot","committer_email":"robert+release-tools@gitlab.com","committed_date":"2018-07-12T11:25:25.000Z"},"pipeline":{"id":86691,"sha":"1f4f4e4d5bd5f8a2219afb4a83f14a1dd709e7d7","ref":"11.1.0+rc9.ee.0","status":"success"},"runner":null,"artifacts_expire_at":null},{"id":2614576,"status":"manual","stage":"package-release","name":"Debian-7-release","ref":"11.1.0+rc9.ee.0","tag":true,"coverage":null,"created_at":"2018-07-12T11:25:34.171Z","started_at":null,"finished_at":null,"duration":null,"user":{"id":443,"name":"GitLab
        Release Tools Bot","username":"gitlab-release-tools-bot","state":"active","avatar_url":"https://dev.gitlab.org/uploads/-/system/user/avatar/443/ship-it-squirrel.png","web_url":"https://dev.gitlab.org/gitlab-release-tools-bot","created_at":"2018-05-21T19:59:15.157Z","bio":null,"location":null,"skype":"","linkedin":"","twitter":"","website_url":"","organization":null},"commit":{"id":"1f4f4e4d5bd5f8a2219afb4a83f14a1dd709e7d7","short_id":"1f4f4e4d","title":"Update
        VERSION to 11.1.0-rc9-ee","created_at":"2018-07-12T11:25:25.000Z","parent_ids":["b9cb807976642a9df5506ea1dc881a26a295feb2"],"message":"Update
        VERSION to 11.1.0-rc9-ee\n","author_name":"GitLab Release Tools Bot","author_email":"robert+release-tools@gitlab.com","authored_date":"2018-07-12T11:25:25.000Z","committer_name":"GitLab
        Release Tools Bot","committer_email":"robert+release-tools@gitlab.com","committed_date":"2018-07-12T11:25:25.000Z"},"pipeline":{"id":86691,"sha":"1f4f4e4d5bd5f8a2219afb4a83f14a1dd709e7d7","ref":"11.1.0+rc9.ee.0","status":"success"},"runner":null,"artifacts_expire_at":null},{"id":2614577,"status":"manual","stage":"package-release","name":"Debian-8-release","ref":"11.1.0+rc9.ee.0","tag":true,"coverage":null,"created_at":"2018-07-12T11:25:34.187Z","started_at":null,"finished_at":null,"duration":null,"user":{"id":443,"name":"GitLab
        Release Tools Bot","username":"gitlab-release-tools-bot","state":"active","avatar_url":"https://dev.gitlab.org/uploads/-/system/user/avatar/443/ship-it-squirrel.png","web_url":"https://dev.gitlab.org/gitlab-release-tools-bot","created_at":"2018-05-21T19:59:15.157Z","bio":null,"location":null,"skype":"","linkedin":"","twitter":"","website_url":"","organization":null},"commit":{"id":"1f4f4e4d5bd5f8a2219afb4a83f14a1dd709e7d7","short_id":"1f4f4e4d","title":"Update
        VERSION to 11.1.0-rc9-ee","created_at":"2018-07-12T11:25:25.000Z","parent_ids":["b9cb807976642a9df5506ea1dc881a26a295feb2"],"message":"Update
        VERSION to 11.1.0-rc9-ee\n","author_name":"GitLab Release Tools Bot","author_email":"robert+release-tools@gitlab.com","authored_date":"2018-07-12T11:25:25.000Z","committer_name":"GitLab
        Release Tools Bot","committer_email":"robert+release-tools@gitlab.com","committed_date":"2018-07-12T11:25:25.000Z"},"pipeline":{"id":86691,"sha":"1f4f4e4d5bd5f8a2219afb4a83f14a1dd709e7d7","ref":"11.1.0+rc9.ee.0","status":"success"},"runner":null,"artifacts_expire_at":null},{"id":2614578,"status":"manual","stage":"package-release","name":"Debian-9.1-release","ref":"11.1.0+rc9.ee.0","tag":true,"coverage":null,"created_at":"2018-07-12T11:25:34.203Z","started_at":null,"finished_at":null,"duration":null,"user":{"id":443,"name":"GitLab
        Release Tools Bot","username":"gitlab-release-tools-bot","state":"active","avatar_url":"https://dev.gitlab.org/uploads/-/system/user/avatar/443/ship-it-squirrel.png","web_url":"https://dev.gitlab.org/gitlab-release-tools-bot","created_at":"2018-05-21T19:59:15.157Z","bio":null,"location":null,"skype":"","linkedin":"","twitter":"","website_url":"","organization":null},"commit":{"id":"1f4f4e4d5bd5f8a2219afb4a83f14a1dd709e7d7","short_id":"1f4f4e4d","title":"Update
        VERSION to 11.1.0-rc9-ee","created_at":"2018-07-12T11:25:25.000Z","parent_ids":["b9cb807976642a9df5506ea1dc881a26a295feb2"],"message":"Update
        VERSION to 11.1.0-rc9-ee\n","author_name":"GitLab Release Tools Bot","author_email":"robert+release-tools@gitlab.com","authored_date":"2018-07-12T11:25:25.000Z","committer_name":"GitLab
        Release Tools Bot","committer_email":"robert+release-tools@gitlab.com","committed_date":"2018-07-12T11:25:25.000Z"},"pipeline":{"id":86691,"sha":"1f4f4e4d5bd5f8a2219afb4a83f14a1dd709e7d7","ref":"11.1.0+rc9.ee.0","status":"success"},"runner":null,"artifacts_expire_at":null},{"id":2614579,"status":"manual","stage":"package-release","name":"CentOS-6-release","ref":"11.1.0+rc9.ee.0","tag":true,"coverage":null,"created_at":"2018-07-12T11:25:34.218Z","started_at":null,"finished_at":null,"duration":null,"user":{"id":443,"name":"GitLab
        Release Tools Bot","username":"gitlab-release-tools-bot","state":"active","avatar_url":"https://dev.gitlab.org/uploads/-/system/user/avatar/443/ship-it-squirrel.png","web_url":"https://dev.gitlab.org/gitlab-release-tools-bot","created_at":"2018-05-21T19:59:15.157Z","bio":null,"location":null,"skype":"","linkedin":"","twitter":"","website_url":"","organization":null},"commit":{"id":"1f4f4e4d5bd5f8a2219afb4a83f14a1dd709e7d7","short_id":"1f4f4e4d","title":"Update
        VERSION to 11.1.0-rc9-ee","created_at":"2018-07-12T11:25:25.000Z","parent_ids":["b9cb807976642a9df5506ea1dc881a26a295feb2"],"message":"Update
        VERSION to 11.1.0-rc9-ee\n","author_name":"GitLab Release Tools Bot","author_email":"robert+release-tools@gitlab.com","authored_date":"2018-07-12T11:25:25.000Z","committer_name":"GitLab
        Release Tools Bot","committer_email":"robert+release-tools@gitlab.com","committed_date":"2018-07-12T11:25:25.000Z"},"pipeline":{"id":86691,"sha":"1f4f4e4d5bd5f8a2219afb4a83f14a1dd709e7d7","ref":"11.1.0+rc9.ee.0","status":"success"},"runner":null,"artifacts_expire_at":null},{"id":2614580,"status":"manual","stage":"package-release","name":"CentOS-7-release","ref":"11.1.0+rc9.ee.0","tag":true,"coverage":null,"created_at":"2018-07-12T11:25:34.234Z","started_at":null,"finished_at":null,"duration":null,"user":{"id":443,"name":"GitLab
        Release Tools Bot","username":"gitlab-release-tools-bot","state":"active","avatar_url":"https://dev.gitlab.org/uploads/-/system/user/avatar/443/ship-it-squirrel.png","web_url":"https://dev.gitlab.org/gitlab-release-tools-bot","created_at":"2018-05-21T19:59:15.157Z","bio":null,"location":null,"skype":"","linkedin":"","twitter":"","website_url":"","organization":null},"commit":{"id":"1f4f4e4d5bd5f8a2219afb4a83f14a1dd709e7d7","short_id":"1f4f4e4d","title":"Update
        VERSION to 11.1.0-rc9-ee","created_at":"2018-07-12T11:25:25.000Z","parent_ids":["b9cb807976642a9df5506ea1dc881a26a295feb2"],"message":"Update
        VERSION to 11.1.0-rc9-ee\n","author_name":"GitLab Release Tools Bot","author_email":"robert+release-tools@gitlab.com","authored_date":"2018-07-12T11:25:25.000Z","committer_name":"GitLab
        Release Tools Bot","committer_email":"robert+release-tools@gitlab.com","committed_date":"2018-07-12T11:25:25.000Z"},"pipeline":{"id":86691,"sha":"1f4f4e4d5bd5f8a2219afb4a83f14a1dd709e7d7","ref":"11.1.0+rc9.ee.0","status":"success"},"runner":null,"artifacts_expire_at":null},{"id":2614581,"status":"manual","stage":"package-release","name":"OpenSUSE-42.3-release","ref":"11.1.0+rc9.ee.0","tag":true,"coverage":null,"created_at":"2018-07-12T11:25:34.251Z","started_at":null,"finished_at":null,"duration":null,"user":{"id":443,"name":"GitLab
        Release Tools Bot","username":"gitlab-release-tools-bot","state":"active","avatar_url":"https://dev.gitlab.org/uploads/-/system/user/avatar/443/ship-it-squirrel.png","web_url":"https://dev.gitlab.org/gitlab-release-tools-bot","created_at":"2018-05-21T19:59:15.157Z","bio":null,"location":null,"skype":"","linkedin":"","twitter":"","website_url":"","organization":null},"commit":{"id":"1f4f4e4d5bd5f8a2219afb4a83f14a1dd709e7d7","short_id":"1f4f4e4d","title":"Update
        VERSION to 11.1.0-rc9-ee","created_at":"2018-07-12T11:25:25.000Z","parent_ids":["b9cb807976642a9df5506ea1dc881a26a295feb2"],"message":"Update
        VERSION to 11.1.0-rc9-ee\n","author_name":"GitLab Release Tools Bot","author_email":"robert+release-tools@gitlab.com","authored_date":"2018-07-12T11:25:25.000Z","committer_name":"GitLab
        Release Tools Bot","committer_email":"robert+release-tools@gitlab.com","committed_date":"2018-07-12T11:25:25.000Z"},"pipeline":{"id":86691,"sha":"1f4f4e4d5bd5f8a2219afb4a83f14a1dd709e7d7","ref":"11.1.0+rc9.ee.0","status":"success"},"runner":null,"artifacts_expire_at":null},{"id":2614582,"status":"manual","stage":"package-release","name":"SLES-12-release","ref":"11.1.0+rc9.ee.0","tag":true,"coverage":null,"created_at":"2018-07-12T11:25:34.268Z","started_at":null,"finished_at":null,"duration":null,"user":{"id":443,"name":"GitLab
        Release Tools Bot","username":"gitlab-release-tools-bot","state":"active","avatar_url":"https://dev.gitlab.org/uploads/-/system/user/avatar/443/ship-it-squirrel.png","web_url":"https://dev.gitlab.org/gitlab-release-tools-bot","created_at":"2018-05-21T19:59:15.157Z","bio":null,"location":null,"skype":"","linkedin":"","twitter":"","website_url":"","organization":null},"commit":{"id":"1f4f4e4d5bd5f8a2219afb4a83f14a1dd709e7d7","short_id":"1f4f4e4d","title":"Update
        VERSION to 11.1.0-rc9-ee","created_at":"2018-07-12T11:25:25.000Z","parent_ids":["b9cb807976642a9df5506ea1dc881a26a295feb2"],"message":"Update
        VERSION to 11.1.0-rc9-ee\n","author_name":"GitLab Release Tools Bot","author_email":"robert+release-tools@gitlab.com","authored_date":"2018-07-12T11:25:25.000Z","committer_name":"GitLab
        Release Tools Bot","committer_email":"robert+release-tools@gitlab.com","committed_date":"2018-07-12T11:25:25.000Z"},"pipeline":{"id":86691,"sha":"1f4f4e4d5bd5f8a2219afb4a83f14a1dd709e7d7","ref":"11.1.0+rc9.ee.0","status":"success"},"runner":null,"artifacts_expire_at":null},{"id":2614583,"status":"manual","stage":"trigger-images","name":"release:images","ref":"11.1.0+rc9.ee.0","tag":true,"coverage":null,"created_at":"2018-07-12T11:25:34.287Z","started_at":null,"finished_at":null,"duration":null,"user":{"id":443,"name":"GitLab
        Release Tools Bot","username":"gitlab-release-tools-bot","state":"active","avatar_url":"https://dev.gitlab.org/uploads/-/system/user/avatar/443/ship-it-squirrel.png","web_url":"https://dev.gitlab.org/gitlab-release-tools-bot","created_at":"2018-05-21T19:59:15.157Z","bio":null,"location":null,"skype":"","linkedin":"","twitter":"","website_url":"","organization":null},"commit":{"id":"1f4f4e4d5bd5f8a2219afb4a83f14a1dd709e7d7","short_id":"1f4f4e4d","title":"Update
        VERSION to 11.1.0-rc9-ee","created_at":"2018-07-12T11:25:25.000Z","parent_ids":["b9cb807976642a9df5506ea1dc881a26a295feb2"],"message":"Update
        VERSION to 11.1.0-rc9-ee\n","author_name":"GitLab Release Tools Bot","author_email":"robert+release-tools@gitlab.com","authored_date":"2018-07-12T11:25:25.000Z","committer_name":"GitLab
        Release Tools Bot","committer_email":"robert+release-tools@gitlab.com","committed_date":"2018-07-12T11:25:25.000Z"},"pipeline":{"id":86691,"sha":"1f4f4e4d5bd5f8a2219afb4a83f14a1dd709e7d7","ref":"11.1.0+rc9.ee.0","status":"success"},"runner":null,"artifacts_expire_at":null},{"id":2614584,"status":"manual","stage":"image-release","name":"Docker-Release","ref":"11.1.0+rc9.ee.0","tag":true,"coverage":null,"created_at":"2018-07-12T11:25:34.304Z","started_at":null,"finished_at":null,"duration":null,"user":{"id":443,"name":"GitLab
        Release Tools Bot","username":"gitlab-release-tools-bot","state":"active","avatar_url":"https://dev.gitlab.org/uploads/-/system/user/avatar/443/ship-it-squirrel.png","web_url":"https://dev.gitlab.org/gitlab-release-tools-bot","created_at":"2018-05-21T19:59:15.157Z","bio":null,"location":null,"skype":"","linkedin":"","twitter":"","website_url":"","organization":null},"commit":{"id":"1f4f4e4d5bd5f8a2219afb4a83f14a1dd709e7d7","short_id":"1f4f4e4d","title":"Update
        VERSION to 11.1.0-rc9-ee","created_at":"2018-07-12T11:25:25.000Z","parent_ids":["b9cb807976642a9df5506ea1dc881a26a295feb2"],"message":"Update
        VERSION to 11.1.0-rc9-ee\n","author_name":"GitLab Release Tools Bot","author_email":"robert+release-tools@gitlab.com","authored_date":"2018-07-12T11:25:25.000Z","committer_name":"GitLab
        Release Tools Bot","committer_email":"robert+release-tools@gitlab.com","committed_date":"2018-07-12T11:25:25.000Z"},"pipeline":{"id":86691,"sha":"1f4f4e4d5bd5f8a2219afb4a83f14a1dd709e7d7","ref":"11.1.0+rc9.ee.0","status":"success"},"runner":null,"artifacts_expire_at":null},{"id":2614585,"status":"manual","stage":"image-release","name":"AWS","ref":"11.1.0+rc9.ee.0","tag":true,"coverage":null,"created_at":"2018-07-12T11:25:34.319Z","started_at":null,"finished_at":null,"duration":null,"user":{"id":443,"name":"GitLab
        Release Tools Bot","username":"gitlab-release-tools-bot","state":"active","avatar_url":"https://dev.gitlab.org/uploads/-/system/user/avatar/443/ship-it-squirrel.png","web_url":"https://dev.gitlab.org/gitlab-release-tools-bot","created_at":"2018-05-21T19:59:15.157Z","bio":null,"location":null,"skype":"","linkedin":"","twitter":"","website_url":"","organization":null},"commit":{"id":"1f4f4e4d5bd5f8a2219afb4a83f14a1dd709e7d7","short_id":"1f4f4e4d","title":"Update
        VERSION to 11.1.0-rc9-ee","created_at":"2018-07-12T11:25:25.000Z","parent_ids":["b9cb807976642a9df5506ea1dc881a26a295feb2"],"message":"Update
        VERSION to 11.1.0-rc9-ee\n","author_name":"GitLab Release Tools Bot","author_email":"robert+release-tools@gitlab.com","authored_date":"2018-07-12T11:25:25.000Z","committer_name":"GitLab
        Release Tools Bot","committer_email":"robert+release-tools@gitlab.com","committed_date":"2018-07-12T11:25:25.000Z"},"pipeline":{"id":86691,"sha":"1f4f4e4d5bd5f8a2219afb4a83f14a1dd709e7d7","ref":"11.1.0+rc9.ee.0","status":"success"},"runner":null,"artifacts_expire_at":null},{"id":2614586,"status":"manual","stage":"image-release","name":"QA-Tag","ref":"11.1.0+rc9.ee.0","tag":true,"coverage":null,"created_at":"2018-07-12T11:25:34.335Z","started_at":null,"finished_at":null,"duration":null,"user":{"id":443,"name":"GitLab
        Release Tools Bot","username":"gitlab-release-tools-bot","state":"active","avatar_url":"https://dev.gitlab.org/uploads/-/system/user/avatar/443/ship-it-squirrel.png","web_url":"https://dev.gitlab.org/gitlab-release-tools-bot","created_at":"2018-05-21T19:59:15.157Z","bio":null,"location":null,"skype":"","linkedin":"","twitter":"","website_url":"","organization":null},"commit":{"id":"1f4f4e4d5bd5f8a2219afb4a83f14a1dd709e7d7","short_id":"1f4f4e4d","title":"Update
        VERSION to 11.1.0-rc9-ee","created_at":"2018-07-12T11:25:25.000Z","parent_ids":["b9cb807976642a9df5506ea1dc881a26a295feb2"],"message":"Update
        VERSION to 11.1.0-rc9-ee\n","author_name":"GitLab Release Tools Bot","author_email":"robert+release-tools@gitlab.com","authored_date":"2018-07-12T11:25:25.000Z","committer_name":"GitLab
        Release Tools Bot","committer_email":"robert+release-tools@gitlab.com","committed_date":"2018-07-12T11:25:25.000Z"},"pipeline":{"id":86691,"sha":"1f4f4e4d5bd5f8a2219afb4a83f14a1dd709e7d7","ref":"11.1.0+rc9.ee.0","status":"success"},"runner":null,"artifacts_expire_at":null},{"id":2614587,"status":"manual","stage":"metrics","name":"upgrade","ref":"11.1.0+rc9.ee.0","tag":true,"coverage":null,"created_at":"2018-07-12T11:25:34.354Z","started_at":null,"finished_at":null,"duration":null,"user":{"id":443,"name":"GitLab
        Release Tools Bot","username":"gitlab-release-tools-bot","state":"active","avatar_url":"https://dev.gitlab.org/uploads/-/system/user/avatar/443/ship-it-squirrel.png","web_url":"https://dev.gitlab.org/gitlab-release-tools-bot","created_at":"2018-05-21T19:59:15.157Z","bio":null,"location":null,"skype":"","linkedin":"","twitter":"","website_url":"","organization":null},"commit":{"id":"1f4f4e4d5bd5f8a2219afb4a83f14a1dd709e7d7","short_id":"1f4f4e4d","title":"Update
        VERSION to 11.1.0-rc9-ee","created_at":"2018-07-12T11:25:25.000Z","parent_ids":["b9cb807976642a9df5506ea1dc881a26a295feb2"],"message":"Update
        VERSION to 11.1.0-rc9-ee\n","author_name":"GitLab Release Tools Bot","author_email":"robert+release-tools@gitlab.com","authored_date":"2018-07-12T11:25:25.000Z","committer_name":"GitLab
        Release Tools Bot","committer_email":"robert+release-tools@gitlab.com","committed_date":"2018-07-12T11:25:25.000Z"},"pipeline":{"id":86691,"sha":"1f4f4e4d5bd5f8a2219afb4a83f14a1dd709e7d7","ref":"11.1.0+rc9.ee.0","status":"success"},"runner":null,"artifacts_expire_at":null},{"id":2614591,"status":"manual","stage":"raspbian-release","name":"Raspberry-Pi-2-Jessie-release","ref":"11.1.0+rc9.ee.0","tag":true,"coverage":null,"created_at":"2018-07-12T11:25:34.434Z","started_at":null,"finished_at":null,"duration":null,"user":{"id":443,"name":"GitLab
        Release Tools Bot","username":"gitlab-release-tools-bot","state":"active","avatar_url":"https://dev.gitlab.org/uploads/-/system/user/avatar/443/ship-it-squirrel.png","web_url":"https://dev.gitlab.org/gitlab-release-tools-bot","created_at":"2018-05-21T19:59:15.157Z","bio":null,"location":null,"skype":"","linkedin":"","twitter":"","website_url":"","organization":null},"commit":{"id":"1f4f4e4d5bd5f8a2219afb4a83f14a1dd709e7d7","short_id":"1f4f4e4d","title":"Update
        VERSION to 11.1.0-rc9-ee","created_at":"2018-07-12T11:25:25.000Z","parent_ids":["b9cb807976642a9df5506ea1dc881a26a295feb2"],"message":"Update
        VERSION to 11.1.0-rc9-ee\n","author_name":"GitLab Release Tools Bot","author_email":"robert+release-tools@gitlab.com","authored_date":"2018-07-12T11:25:25.000Z","committer_name":"GitLab
        Release Tools Bot","committer_email":"robert+release-tools@gitlab.com","committed_date":"2018-07-12T11:25:25.000Z"},"pipeline":{"id":86691,"sha":"1f4f4e4d5bd5f8a2219afb4a83f14a1dd709e7d7","ref":"11.1.0+rc9.ee.0","status":"success"},"runner":null,"artifacts_expire_at":null},{"id":2614592,"status":"manual","stage":"raspbian-release","name":"Raspberry-Pi-2-Stretch-release","ref":"11.1.0+rc9.ee.0","tag":true,"coverage":null,"created_at":"2018-07-12T11:25:34.456Z","started_at":null,"finished_at":null,"duration":null,"user":{"id":443,"name":"GitLab
        Release Tools Bot","username":"gitlab-release-tools-bot","state":"active","avatar_url":"https://dev.gitlab.org/uploads/-/system/user/avatar/443/ship-it-squirrel.png","web_url":"https://dev.gitlab.org/gitlab-release-tools-bot","created_at":"2018-05-21T19:59:15.157Z","bio":null,"location":null,"skype":"","linkedin":"","twitter":"","website_url":"","organization":null},"commit":{"id":"1f4f4e4d5bd5f8a2219afb4a83f14a1dd709e7d7","short_id":"1f4f4e4d","title":"Update
        VERSION to 11.1.0-rc9-ee","created_at":"2018-07-12T11:25:25.000Z","parent_ids":["b9cb807976642a9df5506ea1dc881a26a295feb2"],"message":"Update
        VERSION to 11.1.0-rc9-ee\n","author_name":"GitLab Release Tools Bot","author_email":"robert+release-tools@gitlab.com","authored_date":"2018-07-12T11:25:25.000Z","committer_name":"GitLab
        Release Tools Bot","committer_email":"robert+release-tools@gitlab.com","committed_date":"2018-07-12T11:25:25.000Z"},"pipeline":{"id":86691,"sha":"1f4f4e4d5bd5f8a2219afb4a83f14a1dd709e7d7","ref":"11.1.0+rc9.ee.0","status":"success"},"runner":null,"artifacts_expire_at":null}]'
    http_version: 
  recorded_at: Thu, 12 Jul 2018 18:22:34 GMT
- request:
    method: post
    uri: https://dev.gitlab.org/api/v4/projects/gitlab%2Fomnibus-gitlab/jobs/2614573/play
    body:
      encoding: UTF-8
      string: ''
    headers:
      Accept:
      - application/json
      Content-Type:
      - application/x-www-form-urlencoded
      User-Agent:
      - Gitlab Ruby Gem 4.4.0
      Private-Token:
      - "[DEV_API_PRIVATE_TOKEN]"
  response:
    status:
      code: 200
      message: OK
    headers:
      Server:
      - nginx
      Date:
      - Thu, 12 Jul 2018 18:22:34 GMT
      Content-Type:
      - application/json
      Content-Length:
      - '1331'
      Connection:
      - keep-alive
      Cache-Control:
      - max-age=0, private, must-revalidate
      Etag:
      - W/"b9763e910ea01793bbb82101d2a7822e"
      Vary:
      - Origin
      X-Content-Type-Options:
      - nosniff
      X-Frame-Options:
      - SAMEORIGIN
      X-Request-Id:
      - 3af7621d-39a6-42e5-a4ba-1ffcf8007ed2
      X-Runtime:
      - '0.083266'
      Strict-Transport-Security:
      - max-age=31536000
    body:
      encoding: UTF-8
      string: '{"id":2614573,"status":"pending","stage":"package-release","name":"Ubuntu-14.04-release","ref":"11.1.0+rc9.ee.0","tag":true,"coverage":null,"created_at":"2018-07-12T11:25:34.122Z","started_at":null,"finished_at":null,"duration":null,"user":{"id":443,"name":"GitLab
        Release Tools Bot","username":"gitlab-release-tools-bot","state":"active","avatar_url":"https://dev.gitlab.org/uploads/-/system/user/avatar/443/ship-it-squirrel.png","web_url":"https://dev.gitlab.org/gitlab-release-tools-bot","created_at":"2018-05-21T19:59:15.157Z","bio":null,"location":null,"skype":"","linkedin":"","twitter":"","website_url":"","organization":null},"commit":{"id":"1f4f4e4d5bd5f8a2219afb4a83f14a1dd709e7d7","short_id":"1f4f4e4d","title":"Update
        VERSION to 11.1.0-rc9-ee","created_at":"2018-07-12T11:25:25.000Z","parent_ids":["b9cb807976642a9df5506ea1dc881a26a295feb2"],"message":"Update
        VERSION to 11.1.0-rc9-ee\n","author_name":"GitLab Release Tools Bot","author_email":"robert+release-tools@gitlab.com","authored_date":"2018-07-12T11:25:25.000Z","committer_name":"GitLab
        Release Tools Bot","committer_email":"robert+release-tools@gitlab.com","committed_date":"2018-07-12T11:25:25.000Z"},"pipeline":{"id":86691,"sha":"1f4f4e4d5bd5f8a2219afb4a83f14a1dd709e7d7","ref":"11.1.0+rc9.ee.0","status":"success"},"runner":null,"artifacts_expire_at":null}'
    http_version: 
  recorded_at: Thu, 12 Jul 2018 18:22:35 GMT
- request:
    method: post
    uri: https://dev.gitlab.org/api/v4/projects/gitlab%2Fomnibus-gitlab/jobs/2614574/play
    body:
      encoding: UTF-8
      string: ''
    headers:
      Accept:
      - application/json
      Content-Type:
      - application/x-www-form-urlencoded
      User-Agent:
      - Gitlab Ruby Gem 4.4.0
      Private-Token:
      - "[DEV_API_PRIVATE_TOKEN]"
  response:
    status:
      code: 200
      message: OK
    headers:
      Server:
      - nginx
      Date:
      - Thu, 12 Jul 2018 18:22:35 GMT
      Content-Type:
      - application/json
      Content-Length:
      - '1331'
      Connection:
      - keep-alive
      Cache-Control:
      - max-age=0, private, must-revalidate
      Etag:
      - W/"857ca6284bad55f99276544e04bbb643"
      Vary:
      - Origin
      X-Content-Type-Options:
      - nosniff
      X-Frame-Options:
      - SAMEORIGIN
      X-Request-Id:
      - 2d99e8cf-1659-4eff-ad14-d38c6e452db5
      X-Runtime:
      - '0.088793'
      Strict-Transport-Security:
      - max-age=31536000
    body:
      encoding: UTF-8
      string: '{"id":2614574,"status":"pending","stage":"package-release","name":"Ubuntu-16.04-release","ref":"11.1.0+rc9.ee.0","tag":true,"coverage":null,"created_at":"2018-07-12T11:25:34.139Z","started_at":null,"finished_at":null,"duration":null,"user":{"id":443,"name":"GitLab
        Release Tools Bot","username":"gitlab-release-tools-bot","state":"active","avatar_url":"https://dev.gitlab.org/uploads/-/system/user/avatar/443/ship-it-squirrel.png","web_url":"https://dev.gitlab.org/gitlab-release-tools-bot","created_at":"2018-05-21T19:59:15.157Z","bio":null,"location":null,"skype":"","linkedin":"","twitter":"","website_url":"","organization":null},"commit":{"id":"1f4f4e4d5bd5f8a2219afb4a83f14a1dd709e7d7","short_id":"1f4f4e4d","title":"Update
        VERSION to 11.1.0-rc9-ee","created_at":"2018-07-12T11:25:25.000Z","parent_ids":["b9cb807976642a9df5506ea1dc881a26a295feb2"],"message":"Update
        VERSION to 11.1.0-rc9-ee\n","author_name":"GitLab Release Tools Bot","author_email":"robert+release-tools@gitlab.com","authored_date":"2018-07-12T11:25:25.000Z","committer_name":"GitLab
        Release Tools Bot","committer_email":"robert+release-tools@gitlab.com","committed_date":"2018-07-12T11:25:25.000Z"},"pipeline":{"id":86691,"sha":"1f4f4e4d5bd5f8a2219afb4a83f14a1dd709e7d7","ref":"11.1.0+rc9.ee.0","status":"running"},"runner":null,"artifacts_expire_at":null}'
    http_version: 
  recorded_at: Thu, 12 Jul 2018 18:22:35 GMT
- request:
    method: post
    uri: https://dev.gitlab.org/api/v4/projects/gitlab%2Fomnibus-gitlab/jobs/2614575/play
    body:
      encoding: UTF-8
      string: ''
    headers:
      Accept:
      - application/json
      Content-Type:
      - application/x-www-form-urlencoded
      User-Agent:
      - Gitlab Ruby Gem 4.4.0
      Private-Token:
      - "[DEV_API_PRIVATE_TOKEN]"
  response:
    status:
      code: 200
      message: OK
    headers:
      Server:
      - nginx
      Date:
      - Thu, 12 Jul 2018 18:22:35 GMT
      Content-Type:
      - application/json
      Content-Length:
      - '1331'
      Connection:
      - keep-alive
      Cache-Control:
      - max-age=0, private, must-revalidate
      Etag:
      - W/"8f29725dfe607a4e607b9da6228f4cc9"
      Vary:
      - Origin
      X-Content-Type-Options:
      - nosniff
      X-Frame-Options:
      - SAMEORIGIN
      X-Request-Id:
      - 9402476b-8568-4e58-ba10-2a0644e99b15
      X-Runtime:
      - '0.082092'
      Strict-Transport-Security:
      - max-age=31536000
    body:
      encoding: UTF-8
      string: '{"id":2614575,"status":"pending","stage":"package-release","name":"Ubuntu-18.04-release","ref":"11.1.0+rc9.ee.0","tag":true,"coverage":null,"created_at":"2018-07-12T11:25:34.155Z","started_at":null,"finished_at":null,"duration":null,"user":{"id":443,"name":"GitLab
        Release Tools Bot","username":"gitlab-release-tools-bot","state":"active","avatar_url":"https://dev.gitlab.org/uploads/-/system/user/avatar/443/ship-it-squirrel.png","web_url":"https://dev.gitlab.org/gitlab-release-tools-bot","created_at":"2018-05-21T19:59:15.157Z","bio":null,"location":null,"skype":"","linkedin":"","twitter":"","website_url":"","organization":null},"commit":{"id":"1f4f4e4d5bd5f8a2219afb4a83f14a1dd709e7d7","short_id":"1f4f4e4d","title":"Update
        VERSION to 11.1.0-rc9-ee","created_at":"2018-07-12T11:25:25.000Z","parent_ids":["b9cb807976642a9df5506ea1dc881a26a295feb2"],"message":"Update
        VERSION to 11.1.0-rc9-ee\n","author_name":"GitLab Release Tools Bot","author_email":"robert+release-tools@gitlab.com","authored_date":"2018-07-12T11:25:25.000Z","committer_name":"GitLab
        Release Tools Bot","committer_email":"robert+release-tools@gitlab.com","committed_date":"2018-07-12T11:25:25.000Z"},"pipeline":{"id":86691,"sha":"1f4f4e4d5bd5f8a2219afb4a83f14a1dd709e7d7","ref":"11.1.0+rc9.ee.0","status":"running"},"runner":null,"artifacts_expire_at":null}'
    http_version: 
  recorded_at: Thu, 12 Jul 2018 18:22:35 GMT
- request:
    method: post
    uri: https://dev.gitlab.org/api/v4/projects/gitlab%2Fomnibus-gitlab/jobs/2614576/play
    body:
      encoding: UTF-8
      string: ''
    headers:
      Accept:
      - application/json
      Content-Type:
      - application/x-www-form-urlencoded
      User-Agent:
      - Gitlab Ruby Gem 4.4.0
      Private-Token:
      - "[DEV_API_PRIVATE_TOKEN]"
  response:
    status:
      code: 200
      message: OK
    headers:
      Server:
      - nginx
      Date:
      - Thu, 12 Jul 2018 18:22:35 GMT
      Content-Type:
      - application/json
      Content-Length:
      - '1327'
      Connection:
      - keep-alive
      Cache-Control:
      - max-age=0, private, must-revalidate
      Etag:
      - W/"889e3d66b21036eeae5061fc99a0154a"
      Vary:
      - Origin
      X-Content-Type-Options:
      - nosniff
      X-Frame-Options:
      - SAMEORIGIN
      X-Request-Id:
      - b9039472-e2f5-49fc-9703-b40ab408c721
      X-Runtime:
      - '0.081764'
      Strict-Transport-Security:
      - max-age=31536000
    body:
      encoding: UTF-8
      string: '{"id":2614576,"status":"pending","stage":"package-release","name":"Debian-7-release","ref":"11.1.0+rc9.ee.0","tag":true,"coverage":null,"created_at":"2018-07-12T11:25:34.171Z","started_at":null,"finished_at":null,"duration":null,"user":{"id":443,"name":"GitLab
        Release Tools Bot","username":"gitlab-release-tools-bot","state":"active","avatar_url":"https://dev.gitlab.org/uploads/-/system/user/avatar/443/ship-it-squirrel.png","web_url":"https://dev.gitlab.org/gitlab-release-tools-bot","created_at":"2018-05-21T19:59:15.157Z","bio":null,"location":null,"skype":"","linkedin":"","twitter":"","website_url":"","organization":null},"commit":{"id":"1f4f4e4d5bd5f8a2219afb4a83f14a1dd709e7d7","short_id":"1f4f4e4d","title":"Update
        VERSION to 11.1.0-rc9-ee","created_at":"2018-07-12T11:25:25.000Z","parent_ids":["b9cb807976642a9df5506ea1dc881a26a295feb2"],"message":"Update
        VERSION to 11.1.0-rc9-ee\n","author_name":"GitLab Release Tools Bot","author_email":"robert+release-tools@gitlab.com","authored_date":"2018-07-12T11:25:25.000Z","committer_name":"GitLab
        Release Tools Bot","committer_email":"robert+release-tools@gitlab.com","committed_date":"2018-07-12T11:25:25.000Z"},"pipeline":{"id":86691,"sha":"1f4f4e4d5bd5f8a2219afb4a83f14a1dd709e7d7","ref":"11.1.0+rc9.ee.0","status":"running"},"runner":null,"artifacts_expire_at":null}'
    http_version: 
  recorded_at: Thu, 12 Jul 2018 18:22:35 GMT
- request:
    method: post
    uri: https://dev.gitlab.org/api/v4/projects/gitlab%2Fomnibus-gitlab/jobs/2614577/play
    body:
      encoding: UTF-8
      string: ''
    headers:
      Accept:
      - application/json
      Content-Type:
      - application/x-www-form-urlencoded
      User-Agent:
      - Gitlab Ruby Gem 4.4.0
      Private-Token:
      - "[DEV_API_PRIVATE_TOKEN]"
  response:
    status:
      code: 200
      message: OK
    headers:
      Server:
      - nginx
      Date:
      - Thu, 12 Jul 2018 18:22:36 GMT
      Content-Type:
      - application/json
      Content-Length:
      - '1327'
      Connection:
      - keep-alive
      Cache-Control:
      - max-age=0, private, must-revalidate
      Etag:
      - W/"d5e6a229fe2506091002766161ec1916"
      Vary:
      - Origin
      X-Content-Type-Options:
      - nosniff
      X-Frame-Options:
      - SAMEORIGIN
      X-Request-Id:
      - 9c9cb4e0-b153-44ef-b751-c104b874e569
      X-Runtime:
      - '0.094075'
      Strict-Transport-Security:
      - max-age=31536000
    body:
      encoding: UTF-8
      string: '{"id":2614577,"status":"pending","stage":"package-release","name":"Debian-8-release","ref":"11.1.0+rc9.ee.0","tag":true,"coverage":null,"created_at":"2018-07-12T11:25:34.187Z","started_at":null,"finished_at":null,"duration":null,"user":{"id":443,"name":"GitLab
        Release Tools Bot","username":"gitlab-release-tools-bot","state":"active","avatar_url":"https://dev.gitlab.org/uploads/-/system/user/avatar/443/ship-it-squirrel.png","web_url":"https://dev.gitlab.org/gitlab-release-tools-bot","created_at":"2018-05-21T19:59:15.157Z","bio":null,"location":null,"skype":"","linkedin":"","twitter":"","website_url":"","organization":null},"commit":{"id":"1f4f4e4d5bd5f8a2219afb4a83f14a1dd709e7d7","short_id":"1f4f4e4d","title":"Update
        VERSION to 11.1.0-rc9-ee","created_at":"2018-07-12T11:25:25.000Z","parent_ids":["b9cb807976642a9df5506ea1dc881a26a295feb2"],"message":"Update
        VERSION to 11.1.0-rc9-ee\n","author_name":"GitLab Release Tools Bot","author_email":"robert+release-tools@gitlab.com","authored_date":"2018-07-12T11:25:25.000Z","committer_name":"GitLab
        Release Tools Bot","committer_email":"robert+release-tools@gitlab.com","committed_date":"2018-07-12T11:25:25.000Z"},"pipeline":{"id":86691,"sha":"1f4f4e4d5bd5f8a2219afb4a83f14a1dd709e7d7","ref":"11.1.0+rc9.ee.0","status":"running"},"runner":null,"artifacts_expire_at":null}'
    http_version: 
  recorded_at: Thu, 12 Jul 2018 18:22:36 GMT
- request:
    method: post
    uri: https://dev.gitlab.org/api/v4/projects/gitlab%2Fomnibus-gitlab/jobs/2614578/play
    body:
      encoding: UTF-8
      string: ''
    headers:
      Accept:
      - application/json
      Content-Type:
      - application/x-www-form-urlencoded
      User-Agent:
      - Gitlab Ruby Gem 4.4.0
      Private-Token:
      - "[DEV_API_PRIVATE_TOKEN]"
  response:
    status:
      code: 200
      message: OK
    headers:
      Server:
      - nginx
      Date:
      - Thu, 12 Jul 2018 18:22:36 GMT
      Content-Type:
      - application/json
      Content-Length:
      - '1329'
      Connection:
      - keep-alive
      Cache-Control:
      - max-age=0, private, must-revalidate
      Etag:
      - W/"9974ab1f89898456f532cbdb9a00fedd"
      Vary:
      - Origin
      X-Content-Type-Options:
      - nosniff
      X-Frame-Options:
      - SAMEORIGIN
      X-Request-Id:
      - 9bc6e3d7-7846-4207-96e6-26e5eff2a3d0
      X-Runtime:
      - '0.074372'
      Strict-Transport-Security:
      - max-age=31536000
    body:
      encoding: UTF-8
      string: '{"id":2614578,"status":"pending","stage":"package-release","name":"Debian-9.1-release","ref":"11.1.0+rc9.ee.0","tag":true,"coverage":null,"created_at":"2018-07-12T11:25:34.203Z","started_at":null,"finished_at":null,"duration":null,"user":{"id":443,"name":"GitLab
        Release Tools Bot","username":"gitlab-release-tools-bot","state":"active","avatar_url":"https://dev.gitlab.org/uploads/-/system/user/avatar/443/ship-it-squirrel.png","web_url":"https://dev.gitlab.org/gitlab-release-tools-bot","created_at":"2018-05-21T19:59:15.157Z","bio":null,"location":null,"skype":"","linkedin":"","twitter":"","website_url":"","organization":null},"commit":{"id":"1f4f4e4d5bd5f8a2219afb4a83f14a1dd709e7d7","short_id":"1f4f4e4d","title":"Update
        VERSION to 11.1.0-rc9-ee","created_at":"2018-07-12T11:25:25.000Z","parent_ids":["b9cb807976642a9df5506ea1dc881a26a295feb2"],"message":"Update
        VERSION to 11.1.0-rc9-ee\n","author_name":"GitLab Release Tools Bot","author_email":"robert+release-tools@gitlab.com","authored_date":"2018-07-12T11:25:25.000Z","committer_name":"GitLab
        Release Tools Bot","committer_email":"robert+release-tools@gitlab.com","committed_date":"2018-07-12T11:25:25.000Z"},"pipeline":{"id":86691,"sha":"1f4f4e4d5bd5f8a2219afb4a83f14a1dd709e7d7","ref":"11.1.0+rc9.ee.0","status":"running"},"runner":null,"artifacts_expire_at":null}'
    http_version: 
  recorded_at: Thu, 12 Jul 2018 18:22:36 GMT
- request:
    method: post
    uri: https://dev.gitlab.org/api/v4/projects/gitlab%2Fomnibus-gitlab/jobs/2614579/play
    body:
      encoding: UTF-8
      string: ''
    headers:
      Accept:
      - application/json
      Content-Type:
      - application/x-www-form-urlencoded
      User-Agent:
      - Gitlab Ruby Gem 4.4.0
      Private-Token:
      - "[DEV_API_PRIVATE_TOKEN]"
  response:
    status:
      code: 200
      message: OK
    headers:
      Server:
      - nginx
      Date:
      - Thu, 12 Jul 2018 18:22:36 GMT
      Content-Type:
      - application/json
      Content-Length:
      - '1327'
      Connection:
      - keep-alive
      Cache-Control:
      - max-age=0, private, must-revalidate
      Etag:
      - W/"5c99494da06b7968e53c254719b09a3c"
      Vary:
      - Origin
      X-Content-Type-Options:
      - nosniff
      X-Frame-Options:
      - SAMEORIGIN
      X-Request-Id:
      - 2ce3ab1f-4550-4d45-963f-bc7eadc1ac49
      X-Runtime:
      - '0.081091'
      Strict-Transport-Security:
      - max-age=31536000
    body:
      encoding: UTF-8
      string: '{"id":2614579,"status":"pending","stage":"package-release","name":"CentOS-6-release","ref":"11.1.0+rc9.ee.0","tag":true,"coverage":null,"created_at":"2018-07-12T11:25:34.218Z","started_at":null,"finished_at":null,"duration":null,"user":{"id":443,"name":"GitLab
        Release Tools Bot","username":"gitlab-release-tools-bot","state":"active","avatar_url":"https://dev.gitlab.org/uploads/-/system/user/avatar/443/ship-it-squirrel.png","web_url":"https://dev.gitlab.org/gitlab-release-tools-bot","created_at":"2018-05-21T19:59:15.157Z","bio":null,"location":null,"skype":"","linkedin":"","twitter":"","website_url":"","organization":null},"commit":{"id":"1f4f4e4d5bd5f8a2219afb4a83f14a1dd709e7d7","short_id":"1f4f4e4d","title":"Update
        VERSION to 11.1.0-rc9-ee","created_at":"2018-07-12T11:25:25.000Z","parent_ids":["b9cb807976642a9df5506ea1dc881a26a295feb2"],"message":"Update
        VERSION to 11.1.0-rc9-ee\n","author_name":"GitLab Release Tools Bot","author_email":"robert+release-tools@gitlab.com","authored_date":"2018-07-12T11:25:25.000Z","committer_name":"GitLab
        Release Tools Bot","committer_email":"robert+release-tools@gitlab.com","committed_date":"2018-07-12T11:25:25.000Z"},"pipeline":{"id":86691,"sha":"1f4f4e4d5bd5f8a2219afb4a83f14a1dd709e7d7","ref":"11.1.0+rc9.ee.0","status":"running"},"runner":null,"artifacts_expire_at":null}'
    http_version: 
  recorded_at: Thu, 12 Jul 2018 18:22:36 GMT
- request:
    method: post
    uri: https://dev.gitlab.org/api/v4/projects/gitlab%2Fomnibus-gitlab/jobs/2614580/play
    body:
      encoding: UTF-8
      string: ''
    headers:
      Accept:
      - application/json
      Content-Type:
      - application/x-www-form-urlencoded
      User-Agent:
      - Gitlab Ruby Gem 4.4.0
      Private-Token:
      - "[DEV_API_PRIVATE_TOKEN]"
  response:
    status:
      code: 200
      message: OK
    headers:
      Server:
      - nginx
      Date:
      - Thu, 12 Jul 2018 18:22:36 GMT
      Content-Type:
      - application/json
      Content-Length:
      - '1327'
      Connection:
      - keep-alive
      Cache-Control:
      - max-age=0, private, must-revalidate
      Etag:
      - W/"88c32ff9752116341081cb0732f56b0a"
      Vary:
      - Origin
      X-Content-Type-Options:
      - nosniff
      X-Frame-Options:
      - SAMEORIGIN
      X-Request-Id:
      - e5391de1-b236-4c7d-acbe-f2791322816f
      X-Runtime:
      - '0.062606'
      Strict-Transport-Security:
      - max-age=31536000
    body:
      encoding: UTF-8
      string: '{"id":2614580,"status":"pending","stage":"package-release","name":"CentOS-7-release","ref":"11.1.0+rc9.ee.0","tag":true,"coverage":null,"created_at":"2018-07-12T11:25:34.234Z","started_at":null,"finished_at":null,"duration":null,"user":{"id":443,"name":"GitLab
        Release Tools Bot","username":"gitlab-release-tools-bot","state":"active","avatar_url":"https://dev.gitlab.org/uploads/-/system/user/avatar/443/ship-it-squirrel.png","web_url":"https://dev.gitlab.org/gitlab-release-tools-bot","created_at":"2018-05-21T19:59:15.157Z","bio":null,"location":null,"skype":"","linkedin":"","twitter":"","website_url":"","organization":null},"commit":{"id":"1f4f4e4d5bd5f8a2219afb4a83f14a1dd709e7d7","short_id":"1f4f4e4d","title":"Update
        VERSION to 11.1.0-rc9-ee","created_at":"2018-07-12T11:25:25.000Z","parent_ids":["b9cb807976642a9df5506ea1dc881a26a295feb2"],"message":"Update
        VERSION to 11.1.0-rc9-ee\n","author_name":"GitLab Release Tools Bot","author_email":"robert+release-tools@gitlab.com","authored_date":"2018-07-12T11:25:25.000Z","committer_name":"GitLab
        Release Tools Bot","committer_email":"robert+release-tools@gitlab.com","committed_date":"2018-07-12T11:25:25.000Z"},"pipeline":{"id":86691,"sha":"1f4f4e4d5bd5f8a2219afb4a83f14a1dd709e7d7","ref":"11.1.0+rc9.ee.0","status":"running"},"runner":null,"artifacts_expire_at":null}'
    http_version: 
  recorded_at: Thu, 12 Jul 2018 18:22:36 GMT
- request:
    method: post
    uri: https://dev.gitlab.org/api/v4/projects/gitlab%2Fomnibus-gitlab/jobs/2614581/play
    body:
      encoding: UTF-8
      string: ''
    headers:
      Accept:
      - application/json
      Content-Type:
      - application/x-www-form-urlencoded
      User-Agent:
      - Gitlab Ruby Gem 4.4.0
      Private-Token:
      - "[DEV_API_PRIVATE_TOKEN]"
  response:
    status:
      code: 200
      message: OK
    headers:
      Server:
      - nginx
      Date:
      - Thu, 12 Jul 2018 18:22:37 GMT
      Content-Type:
      - application/json
      Content-Length:
      - '1332'
      Connection:
      - keep-alive
      Cache-Control:
      - max-age=0, private, must-revalidate
      Etag:
      - W/"b40d9bc9bbd1e9df89d5d34ff3446255"
      Vary:
      - Origin
      X-Content-Type-Options:
      - nosniff
      X-Frame-Options:
      - SAMEORIGIN
      X-Request-Id:
      - 7d1e3714-4d3e-4551-a0c6-e906de097687
      X-Runtime:
      - '0.062804'
      Strict-Transport-Security:
      - max-age=31536000
    body:
      encoding: UTF-8
      string: '{"id":2614581,"status":"pending","stage":"package-release","name":"OpenSUSE-42.3-release","ref":"11.1.0+rc9.ee.0","tag":true,"coverage":null,"created_at":"2018-07-12T11:25:34.251Z","started_at":null,"finished_at":null,"duration":null,"user":{"id":443,"name":"GitLab
        Release Tools Bot","username":"gitlab-release-tools-bot","state":"active","avatar_url":"https://dev.gitlab.org/uploads/-/system/user/avatar/443/ship-it-squirrel.png","web_url":"https://dev.gitlab.org/gitlab-release-tools-bot","created_at":"2018-05-21T19:59:15.157Z","bio":null,"location":null,"skype":"","linkedin":"","twitter":"","website_url":"","organization":null},"commit":{"id":"1f4f4e4d5bd5f8a2219afb4a83f14a1dd709e7d7","short_id":"1f4f4e4d","title":"Update
        VERSION to 11.1.0-rc9-ee","created_at":"2018-07-12T11:25:25.000Z","parent_ids":["b9cb807976642a9df5506ea1dc881a26a295feb2"],"message":"Update
        VERSION to 11.1.0-rc9-ee\n","author_name":"GitLab Release Tools Bot","author_email":"robert+release-tools@gitlab.com","authored_date":"2018-07-12T11:25:25.000Z","committer_name":"GitLab
        Release Tools Bot","committer_email":"robert+release-tools@gitlab.com","committed_date":"2018-07-12T11:25:25.000Z"},"pipeline":{"id":86691,"sha":"1f4f4e4d5bd5f8a2219afb4a83f14a1dd709e7d7","ref":"11.1.0+rc9.ee.0","status":"running"},"runner":null,"artifacts_expire_at":null}'
    http_version: 
  recorded_at: Thu, 12 Jul 2018 18:22:37 GMT
- request:
    method: post
    uri: https://dev.gitlab.org/api/v4/projects/gitlab%2Fomnibus-gitlab/jobs/2614582/play
    body:
      encoding: UTF-8
      string: ''
    headers:
      Accept:
      - application/json
      Content-Type:
      - application/x-www-form-urlencoded
      User-Agent:
      - Gitlab Ruby Gem 4.4.0
      Private-Token:
      - "[DEV_API_PRIVATE_TOKEN]"
  response:
    status:
      code: 200
      message: OK
    headers:
      Server:
      - nginx
      Date:
      - Thu, 12 Jul 2018 18:22:37 GMT
      Content-Type:
      - application/json
      Content-Length:
      - '1326'
      Connection:
      - keep-alive
      Cache-Control:
      - max-age=0, private, must-revalidate
      Etag:
      - W/"422b503a3c7fa9a1a88df536cf73b060"
      Vary:
      - Origin
      X-Content-Type-Options:
      - nosniff
      X-Frame-Options:
      - SAMEORIGIN
      X-Request-Id:
      - 29bcac04-5b34-4cd7-b9f7-96bc8d5fe8bf
      X-Runtime:
      - '0.085329'
      Strict-Transport-Security:
      - max-age=31536000
    body:
      encoding: UTF-8
      string: '{"id":2614582,"status":"pending","stage":"package-release","name":"SLES-12-release","ref":"11.1.0+rc9.ee.0","tag":true,"coverage":null,"created_at":"2018-07-12T11:25:34.268Z","started_at":null,"finished_at":null,"duration":null,"user":{"id":443,"name":"GitLab
        Release Tools Bot","username":"gitlab-release-tools-bot","state":"active","avatar_url":"https://dev.gitlab.org/uploads/-/system/user/avatar/443/ship-it-squirrel.png","web_url":"https://dev.gitlab.org/gitlab-release-tools-bot","created_at":"2018-05-21T19:59:15.157Z","bio":null,"location":null,"skype":"","linkedin":"","twitter":"","website_url":"","organization":null},"commit":{"id":"1f4f4e4d5bd5f8a2219afb4a83f14a1dd709e7d7","short_id":"1f4f4e4d","title":"Update
        VERSION to 11.1.0-rc9-ee","created_at":"2018-07-12T11:25:25.000Z","parent_ids":["b9cb807976642a9df5506ea1dc881a26a295feb2"],"message":"Update
        VERSION to 11.1.0-rc9-ee\n","author_name":"GitLab Release Tools Bot","author_email":"robert+release-tools@gitlab.com","authored_date":"2018-07-12T11:25:25.000Z","committer_name":"GitLab
        Release Tools Bot","committer_email":"robert+release-tools@gitlab.com","committed_date":"2018-07-12T11:25:25.000Z"},"pipeline":{"id":86691,"sha":"1f4f4e4d5bd5f8a2219afb4a83f14a1dd709e7d7","ref":"11.1.0+rc9.ee.0","status":"running"},"runner":null,"artifacts_expire_at":null}'
    http_version: 
  recorded_at: Thu, 12 Jul 2018 18:22:37 GMT
- request:
    method: post
    uri: https://dev.gitlab.org/api/v4/projects/gitlab%2Fomnibus-gitlab/jobs/2614584/play
    body:
      encoding: UTF-8
      string: ''
    headers:
      Accept:
      - application/json
      Content-Type:
      - application/x-www-form-urlencoded
      User-Agent:
      - Gitlab Ruby Gem 4.4.0
      Private-Token:
      - "[DEV_API_PRIVATE_TOKEN]"
  response:
    status:
      code: 200
      message: OK
    headers:
      Server:
      - nginx
      Date:
      - Thu, 12 Jul 2018 18:22:37 GMT
      Content-Type:
      - application/json
      Content-Length:
      - '1323'
      Connection:
      - keep-alive
      Cache-Control:
      - max-age=0, private, must-revalidate
      Etag:
      - W/"1fec46718e2457e41d3109f81b1216cc"
      Vary:
      - Origin
      X-Content-Type-Options:
      - nosniff
      X-Frame-Options:
      - SAMEORIGIN
      X-Request-Id:
      - 1b520f78-4724-48f3-ab53-eea666a1e6b9
      X-Runtime:
      - '0.067417'
      Strict-Transport-Security:
      - max-age=31536000
    body:
      encoding: UTF-8
      string: '{"id":2614584,"status":"pending","stage":"image-release","name":"Docker-Release","ref":"11.1.0+rc9.ee.0","tag":true,"coverage":null,"created_at":"2018-07-12T11:25:34.304Z","started_at":null,"finished_at":null,"duration":null,"user":{"id":443,"name":"GitLab
        Release Tools Bot","username":"gitlab-release-tools-bot","state":"active","avatar_url":"https://dev.gitlab.org/uploads/-/system/user/avatar/443/ship-it-squirrel.png","web_url":"https://dev.gitlab.org/gitlab-release-tools-bot","created_at":"2018-05-21T19:59:15.157Z","bio":null,"location":null,"skype":"","linkedin":"","twitter":"","website_url":"","organization":null},"commit":{"id":"1f4f4e4d5bd5f8a2219afb4a83f14a1dd709e7d7","short_id":"1f4f4e4d","title":"Update
        VERSION to 11.1.0-rc9-ee","created_at":"2018-07-12T11:25:25.000Z","parent_ids":["b9cb807976642a9df5506ea1dc881a26a295feb2"],"message":"Update
        VERSION to 11.1.0-rc9-ee\n","author_name":"GitLab Release Tools Bot","author_email":"robert+release-tools@gitlab.com","authored_date":"2018-07-12T11:25:25.000Z","committer_name":"GitLab
        Release Tools Bot","committer_email":"robert+release-tools@gitlab.com","committed_date":"2018-07-12T11:25:25.000Z"},"pipeline":{"id":86691,"sha":"1f4f4e4d5bd5f8a2219afb4a83f14a1dd709e7d7","ref":"11.1.0+rc9.ee.0","status":"running"},"runner":null,"artifacts_expire_at":null}'
    http_version: 
  recorded_at: Thu, 12 Jul 2018 18:22:37 GMT
- request:
    method: post
    uri: https://dev.gitlab.org/api/v4/projects/gitlab%2Fomnibus-gitlab/jobs/2614585/play
    body:
      encoding: UTF-8
      string: ''
    headers:
      Accept:
      - application/json
      Content-Type:
      - application/x-www-form-urlencoded
      User-Agent:
      - Gitlab Ruby Gem 4.4.0
      Private-Token:
      - "[DEV_API_PRIVATE_TOKEN]"
  response:
    status:
      code: 200
      message: OK
    headers:
      Server:
      - nginx
      Date:
      - Thu, 12 Jul 2018 18:22:37 GMT
      Content-Type:
      - application/json
      Content-Length:
      - '1312'
      Connection:
      - keep-alive
      Cache-Control:
      - max-age=0, private, must-revalidate
      Etag:
      - W/"67929714ca46035a5d0e6a65c5fd2de3"
      Vary:
      - Origin
      X-Content-Type-Options:
      - nosniff
      X-Frame-Options:
      - SAMEORIGIN
      X-Request-Id:
      - 07e0337e-3dcd-44fd-808e-14dcfa1f0d2a
      X-Runtime:
      - '0.063639'
      Strict-Transport-Security:
      - max-age=31536000
    body:
      encoding: UTF-8
      string: '{"id":2614585,"status":"pending","stage":"image-release","name":"AWS","ref":"11.1.0+rc9.ee.0","tag":true,"coverage":null,"created_at":"2018-07-12T11:25:34.319Z","started_at":null,"finished_at":null,"duration":null,"user":{"id":443,"name":"GitLab
        Release Tools Bot","username":"gitlab-release-tools-bot","state":"active","avatar_url":"https://dev.gitlab.org/uploads/-/system/user/avatar/443/ship-it-squirrel.png","web_url":"https://dev.gitlab.org/gitlab-release-tools-bot","created_at":"2018-05-21T19:59:15.157Z","bio":null,"location":null,"skype":"","linkedin":"","twitter":"","website_url":"","organization":null},"commit":{"id":"1f4f4e4d5bd5f8a2219afb4a83f14a1dd709e7d7","short_id":"1f4f4e4d","title":"Update
        VERSION to 11.1.0-rc9-ee","created_at":"2018-07-12T11:25:25.000Z","parent_ids":["b9cb807976642a9df5506ea1dc881a26a295feb2"],"message":"Update
        VERSION to 11.1.0-rc9-ee\n","author_name":"GitLab Release Tools Bot","author_email":"robert+release-tools@gitlab.com","authored_date":"2018-07-12T11:25:25.000Z","committer_name":"GitLab
        Release Tools Bot","committer_email":"robert+release-tools@gitlab.com","committed_date":"2018-07-12T11:25:25.000Z"},"pipeline":{"id":86691,"sha":"1f4f4e4d5bd5f8a2219afb4a83f14a1dd709e7d7","ref":"11.1.0+rc9.ee.0","status":"running"},"runner":null,"artifacts_expire_at":null}'
    http_version: 
  recorded_at: Thu, 12 Jul 2018 18:22:38 GMT
- request:
    method: post
    uri: https://dev.gitlab.org/api/v4/projects/gitlab%2Fomnibus-gitlab/jobs/2614586/play
    body:
      encoding: UTF-8
      string: ''
    headers:
      Accept:
      - application/json
      Content-Type:
      - application/x-www-form-urlencoded
      User-Agent:
      - Gitlab Ruby Gem 4.4.0
      Private-Token:
      - "[DEV_API_PRIVATE_TOKEN]"
  response:
    status:
      code: 200
      message: OK
    headers:
      Server:
      - nginx
      Date:
      - Thu, 12 Jul 2018 18:22:38 GMT
      Content-Type:
      - application/json
      Content-Length:
      - '1315'
      Connection:
      - keep-alive
      Cache-Control:
      - max-age=0, private, must-revalidate
      Etag:
      - W/"1cde11432b8d741128056d50e637a94f"
      Vary:
      - Origin
      X-Content-Type-Options:
      - nosniff
      X-Frame-Options:
      - SAMEORIGIN
      X-Request-Id:
      - 718bb121-3127-4d50-a467-0fd5e1cb9d95
      X-Runtime:
      - '0.063926'
      Strict-Transport-Security:
      - max-age=31536000
    body:
      encoding: UTF-8
      string: '{"id":2614586,"status":"pending","stage":"image-release","name":"QA-Tag","ref":"11.1.0+rc9.ee.0","tag":true,"coverage":null,"created_at":"2018-07-12T11:25:34.335Z","started_at":null,"finished_at":null,"duration":null,"user":{"id":443,"name":"GitLab
        Release Tools Bot","username":"gitlab-release-tools-bot","state":"active","avatar_url":"https://dev.gitlab.org/uploads/-/system/user/avatar/443/ship-it-squirrel.png","web_url":"https://dev.gitlab.org/gitlab-release-tools-bot","created_at":"2018-05-21T19:59:15.157Z","bio":null,"location":null,"skype":"","linkedin":"","twitter":"","website_url":"","organization":null},"commit":{"id":"1f4f4e4d5bd5f8a2219afb4a83f14a1dd709e7d7","short_id":"1f4f4e4d","title":"Update
        VERSION to 11.1.0-rc9-ee","created_at":"2018-07-12T11:25:25.000Z","parent_ids":["b9cb807976642a9df5506ea1dc881a26a295feb2"],"message":"Update
        VERSION to 11.1.0-rc9-ee\n","author_name":"GitLab Release Tools Bot","author_email":"robert+release-tools@gitlab.com","authored_date":"2018-07-12T11:25:25.000Z","committer_name":"GitLab
        Release Tools Bot","committer_email":"robert+release-tools@gitlab.com","committed_date":"2018-07-12T11:25:25.000Z"},"pipeline":{"id":86691,"sha":"1f4f4e4d5bd5f8a2219afb4a83f14a1dd709e7d7","ref":"11.1.0+rc9.ee.0","status":"running"},"runner":null,"artifacts_expire_at":null}'
    http_version: 
  recorded_at: Thu, 12 Jul 2018 18:22:38 GMT
- request:
    method: post
    uri: https://dev.gitlab.org/api/v4/projects/gitlab%2Fomnibus-gitlab/jobs/2614591/play
    body:
      encoding: UTF-8
      string: ''
    headers:
      Accept:
      - application/json
      Content-Type:
      - application/x-www-form-urlencoded
      User-Agent:
      - Gitlab Ruby Gem 4.4.0
      Private-Token:
      - "[DEV_API_PRIVATE_TOKEN]"
  response:
    status:
      code: 200
      message: OK
    headers:
      Server:
      - nginx
      Date:
      - Thu, 12 Jul 2018 18:22:38 GMT
      Content-Type:
      - application/json
      Content-Length:
      - '1341'
      Connection:
      - keep-alive
      Cache-Control:
      - max-age=0, private, must-revalidate
      Etag:
      - W/"de77b28fcc930999b79beda9f1deada7"
      Vary:
      - Origin
      X-Content-Type-Options:
      - nosniff
      X-Frame-Options:
      - SAMEORIGIN
      X-Request-Id:
      - 6a0c0b77-5f53-4764-96bd-7e0d032a56a9
      X-Runtime:
      - '0.104834'
      Strict-Transport-Security:
      - max-age=31536000
    body:
      encoding: UTF-8
      string: '{"id":2614591,"status":"pending","stage":"raspbian-release","name":"Raspberry-Pi-2-Jessie-release","ref":"11.1.0+rc9.ee.0","tag":true,"coverage":null,"created_at":"2018-07-12T11:25:34.434Z","started_at":null,"finished_at":null,"duration":null,"user":{"id":443,"name":"GitLab
        Release Tools Bot","username":"gitlab-release-tools-bot","state":"active","avatar_url":"https://dev.gitlab.org/uploads/-/system/user/avatar/443/ship-it-squirrel.png","web_url":"https://dev.gitlab.org/gitlab-release-tools-bot","created_at":"2018-05-21T19:59:15.157Z","bio":null,"location":null,"skype":"","linkedin":"","twitter":"","website_url":"","organization":null},"commit":{"id":"1f4f4e4d5bd5f8a2219afb4a83f14a1dd709e7d7","short_id":"1f4f4e4d","title":"Update
        VERSION to 11.1.0-rc9-ee","created_at":"2018-07-12T11:25:25.000Z","parent_ids":["b9cb807976642a9df5506ea1dc881a26a295feb2"],"message":"Update
        VERSION to 11.1.0-rc9-ee\n","author_name":"GitLab Release Tools Bot","author_email":"robert+release-tools@gitlab.com","authored_date":"2018-07-12T11:25:25.000Z","committer_name":"GitLab
        Release Tools Bot","committer_email":"robert+release-tools@gitlab.com","committed_date":"2018-07-12T11:25:25.000Z"},"pipeline":{"id":86691,"sha":"1f4f4e4d5bd5f8a2219afb4a83f14a1dd709e7d7","ref":"11.1.0+rc9.ee.0","status":"running"},"runner":null,"artifacts_expire_at":null}'
    http_version: 
  recorded_at: Thu, 12 Jul 2018 18:22:38 GMT
- request:
    method: post
    uri: https://dev.gitlab.org/api/v4/projects/gitlab%2Fomnibus-gitlab/jobs/2614592/play
    body:
      encoding: UTF-8
      string: ''
    headers:
      Accept:
      - application/json
      Content-Type:
      - application/x-www-form-urlencoded
      User-Agent:
      - Gitlab Ruby Gem 4.4.0
      Private-Token:
      - "[DEV_API_PRIVATE_TOKEN]"
  response:
    status:
      code: 200
      message: OK
    headers:
      Server:
      - nginx
      Date:
      - Thu, 12 Jul 2018 18:22:38 GMT
      Content-Type:
      - application/json
      Content-Length:
      - '1342'
      Connection:
      - keep-alive
      Cache-Control:
      - max-age=0, private, must-revalidate
      Etag:
      - W/"841c0cc5c98e6d2ea390de93ab383c1c"
      Vary:
      - Origin
      X-Content-Type-Options:
      - nosniff
      X-Frame-Options:
      - SAMEORIGIN
      X-Request-Id:
      - 126d232f-e4a5-4089-8e63-d396668848ed
      X-Runtime:
      - '0.064971'
      Strict-Transport-Security:
      - max-age=31536000
    body:
      encoding: UTF-8
      string: '{"id":2614592,"status":"pending","stage":"raspbian-release","name":"Raspberry-Pi-2-Stretch-release","ref":"11.1.0+rc9.ee.0","tag":true,"coverage":null,"created_at":"2018-07-12T11:25:34.456Z","started_at":null,"finished_at":null,"duration":null,"user":{"id":443,"name":"GitLab
        Release Tools Bot","username":"gitlab-release-tools-bot","state":"active","avatar_url":"https://dev.gitlab.org/uploads/-/system/user/avatar/443/ship-it-squirrel.png","web_url":"https://dev.gitlab.org/gitlab-release-tools-bot","created_at":"2018-05-21T19:59:15.157Z","bio":null,"location":null,"skype":"","linkedin":"","twitter":"","website_url":"","organization":null},"commit":{"id":"1f4f4e4d5bd5f8a2219afb4a83f14a1dd709e7d7","short_id":"1f4f4e4d","title":"Update
        VERSION to 11.1.0-rc9-ee","created_at":"2018-07-12T11:25:25.000Z","parent_ids":["b9cb807976642a9df5506ea1dc881a26a295feb2"],"message":"Update
        VERSION to 11.1.0-rc9-ee\n","author_name":"GitLab Release Tools Bot","author_email":"robert+release-tools@gitlab.com","authored_date":"2018-07-12T11:25:25.000Z","committer_name":"GitLab
        Release Tools Bot","committer_email":"robert+release-tools@gitlab.com","committed_date":"2018-07-12T11:25:25.000Z"},"pipeline":{"id":86691,"sha":"1f4f4e4d5bd5f8a2219afb4a83f14a1dd709e7d7","ref":"11.1.0+rc9.ee.0","status":"running"},"runner":null,"artifacts_expire_at":null}'
    http_version: 
  recorded_at: Thu, 12 Jul 2018 18:22:38 GMT
- request:
    method: get
    uri: https://dev.gitlab.org/api/v4/projects/gitlab%2Fomnibus-gitlab/pipelines?ref=11.1.0%2Brc9.ce.0&scope=tags
    body:
      encoding: US-ASCII
      string: ''
    headers:
      Accept:
      - application/json
      Content-Type:
      - application/x-www-form-urlencoded
      User-Agent:
      - Gitlab Ruby Gem 4.4.0
      Private-Token:
      - "[DEV_API_PRIVATE_TOKEN]"
  response:
    status:
      code: 200
      message: OK
    headers:
      Server:
      - nginx
      Date:
      - Thu, 12 Jul 2018 18:22:39 GMT
      Content-Type:
      - application/json
      Content-Length:
      - '106'
      Connection:
      - keep-alive
      Cache-Control:
      - max-age=0, private, must-revalidate
      Etag:
      - W/"b5543879f49b6a1fd5d6162eca662a03"
      Link:
      - <https://dev.gitlab.org/api/v4/projects/gitlab%2Fomnibus%2Dgitlab/pipelines?id=gitlab%2Fomnibus-gitlab&order_by=id&page=1&per_page=20&ref=11.1.0%2Brc9.ce.0&scope=tags&sort=desc>;
        rel="first", <https://dev.gitlab.org/api/v4/projects/gitlab%2Fomnibus%2Dgitlab/pipelines?id=gitlab%2Fomnibus-gitlab&order_by=id&page=1&per_page=20&ref=11.1.0%2Brc9.ce.0&scope=tags&sort=desc>;
        rel="last"
      Vary:
      - Origin
      X-Content-Type-Options:
      - nosniff
      X-Frame-Options:
      - SAMEORIGIN
      X-Next-Page:
      - ''
      X-Page:
      - '1'
      X-Per-Page:
      - '20'
      X-Prev-Page:
      - ''
      X-Request-Id:
      - 971fca52-ce54-4d9e-ae16-386e64b739ab
      X-Runtime:
      - '0.594613'
      X-Total:
      - '1'
      X-Total-Pages:
      - '1'
      Strict-Transport-Security:
      - max-age=31536000
    body:
      encoding: UTF-8
      string: '[{"id":86696,"sha":"764056bc72adddeee1435adfddb338719aec7e08","ref":"11.1.0+rc9.ce.0","status":"success"}]'
    http_version: 
  recorded_at: Thu, 12 Jul 2018 18:22:39 GMT
- request:
    method: get
    uri: https://dev.gitlab.org/api/v4/projects/gitlab%2Fomnibus-gitlab/pipelines/86696/jobs?scope=manual
    body:
      encoding: US-ASCII
      string: ''
    headers:
      Accept:
      - application/json
      Content-Type:
      - application/x-www-form-urlencoded
      User-Agent:
      - Gitlab Ruby Gem 4.4.0
      Private-Token:
      - "[DEV_API_PRIVATE_TOKEN]"
  response:
    status:
      code: 200
      message: OK
    headers:
      Server:
      - nginx
      Date:
      - Thu, 12 Jul 2018 18:22:40 GMT
      Content-Type:
      - application/json
      Content-Length:
      - '23776'
      Connection:
      - keep-alive
      Vary:
      - Accept-Encoding
      - Origin
      Cache-Control:
      - max-age=0, private, must-revalidate
      Etag:
      - W/"b4b5c8e2da6e8b8b344f1649d2a08bad"
      Link:
      - <https://dev.gitlab.org/api/v4/projects/gitlab%2Fomnibus%2Dgitlab/pipelines/86696/jobs?id=gitlab%2Fomnibus-gitlab&page=1&per_page=20&pipeline_id=86696&scope%5B%5D=manual>;
        rel="first", <https://dev.gitlab.org/api/v4/projects/gitlab%2Fomnibus%2Dgitlab/pipelines/86696/jobs?id=gitlab%2Fomnibus-gitlab&page=1&per_page=20&pipeline_id=86696&scope%5B%5D=manual>;
        rel="last"
      X-Content-Type-Options:
      - nosniff
      X-Frame-Options:
      - SAMEORIGIN
      X-Next-Page:
      - ''
      X-Page:
      - '1'
      X-Per-Page:
      - '20'
      X-Prev-Page:
      - ''
      X-Request-Id:
      - 10e3f791-4639-4bc6-805a-453302b9e3d3
      X-Runtime:
      - '0.193429'
      X-Total:
      - '18'
      X-Total-Pages:
      - '1'
      Strict-Transport-Security:
      - max-age=31536000
    body:
      encoding: UTF-8
      string: '[{"id":2614892,"status":"manual","stage":"trigger-packages","name":"release:packages","ref":"11.1.0+rc9.ce.0","tag":true,"coverage":null,"created_at":"2018-07-12T11:27:33.766Z","started_at":null,"finished_at":null,"duration":null,"user":{"id":443,"name":"GitLab
        Release Tools Bot","username":"gitlab-release-tools-bot","state":"active","avatar_url":"https://dev.gitlab.org/uploads/-/system/user/avatar/443/ship-it-squirrel.png","web_url":"https://dev.gitlab.org/gitlab-release-tools-bot","created_at":"2018-05-21T19:59:15.157Z","bio":null,"location":null,"skype":"","linkedin":"","twitter":"","website_url":"","organization":null},"commit":{"id":"764056bc72adddeee1435adfddb338719aec7e08","short_id":"764056bc","title":"Update
        VERSION to 11.1.0-rc9","created_at":"2018-07-12T11:27:24.000Z","parent_ids":["dc880c0898a00037ecb66456965825946b6e840e"],"message":"Update
        VERSION to 11.1.0-rc9\n","author_name":"GitLab Release Tools Bot","author_email":"robert+release-tools@gitlab.com","authored_date":"2018-07-12T11:27:24.000Z","committer_name":"GitLab
        Release Tools Bot","committer_email":"robert+release-tools@gitlab.com","committed_date":"2018-07-12T11:27:24.000Z"},"pipeline":{"id":86696,"sha":"764056bc72adddeee1435adfddb338719aec7e08","ref":"11.1.0+rc9.ce.0","status":"success"},"runner":null,"artifacts_expire_at":null},{"id":2614893,"status":"manual","stage":"package-release","name":"Ubuntu-14.04-release","ref":"11.1.0+rc9.ce.0","tag":true,"coverage":null,"created_at":"2018-07-12T11:27:33.810Z","started_at":null,"finished_at":null,"duration":null,"user":{"id":443,"name":"GitLab
        Release Tools Bot","username":"gitlab-release-tools-bot","state":"active","avatar_url":"https://dev.gitlab.org/uploads/-/system/user/avatar/443/ship-it-squirrel.png","web_url":"https://dev.gitlab.org/gitlab-release-tools-bot","created_at":"2018-05-21T19:59:15.157Z","bio":null,"location":null,"skype":"","linkedin":"","twitter":"","website_url":"","organization":null},"commit":{"id":"764056bc72adddeee1435adfddb338719aec7e08","short_id":"764056bc","title":"Update
        VERSION to 11.1.0-rc9","created_at":"2018-07-12T11:27:24.000Z","parent_ids":["dc880c0898a00037ecb66456965825946b6e840e"],"message":"Update
        VERSION to 11.1.0-rc9\n","author_name":"GitLab Release Tools Bot","author_email":"robert+release-tools@gitlab.com","authored_date":"2018-07-12T11:27:24.000Z","committer_name":"GitLab
        Release Tools Bot","committer_email":"robert+release-tools@gitlab.com","committed_date":"2018-07-12T11:27:24.000Z"},"pipeline":{"id":86696,"sha":"764056bc72adddeee1435adfddb338719aec7e08","ref":"11.1.0+rc9.ce.0","status":"success"},"runner":null,"artifacts_expire_at":null},{"id":2614894,"status":"manual","stage":"package-release","name":"Ubuntu-16.04-release","ref":"11.1.0+rc9.ce.0","tag":true,"coverage":null,"created_at":"2018-07-12T11:27:33.842Z","started_at":null,"finished_at":null,"duration":null,"user":{"id":443,"name":"GitLab
        Release Tools Bot","username":"gitlab-release-tools-bot","state":"active","avatar_url":"https://dev.gitlab.org/uploads/-/system/user/avatar/443/ship-it-squirrel.png","web_url":"https://dev.gitlab.org/gitlab-release-tools-bot","created_at":"2018-05-21T19:59:15.157Z","bio":null,"location":null,"skype":"","linkedin":"","twitter":"","website_url":"","organization":null},"commit":{"id":"764056bc72adddeee1435adfddb338719aec7e08","short_id":"764056bc","title":"Update
        VERSION to 11.1.0-rc9","created_at":"2018-07-12T11:27:24.000Z","parent_ids":["dc880c0898a00037ecb66456965825946b6e840e"],"message":"Update
        VERSION to 11.1.0-rc9\n","author_name":"GitLab Release Tools Bot","author_email":"robert+release-tools@gitlab.com","authored_date":"2018-07-12T11:27:24.000Z","committer_name":"GitLab
        Release Tools Bot","committer_email":"robert+release-tools@gitlab.com","committed_date":"2018-07-12T11:27:24.000Z"},"pipeline":{"id":86696,"sha":"764056bc72adddeee1435adfddb338719aec7e08","ref":"11.1.0+rc9.ce.0","status":"success"},"runner":null,"artifacts_expire_at":null},{"id":2614895,"status":"manual","stage":"package-release","name":"Ubuntu-18.04-release","ref":"11.1.0+rc9.ce.0","tag":true,"coverage":null,"created_at":"2018-07-12T11:27:33.877Z","started_at":null,"finished_at":null,"duration":null,"user":{"id":443,"name":"GitLab
        Release Tools Bot","username":"gitlab-release-tools-bot","state":"active","avatar_url":"https://dev.gitlab.org/uploads/-/system/user/avatar/443/ship-it-squirrel.png","web_url":"https://dev.gitlab.org/gitlab-release-tools-bot","created_at":"2018-05-21T19:59:15.157Z","bio":null,"location":null,"skype":"","linkedin":"","twitter":"","website_url":"","organization":null},"commit":{"id":"764056bc72adddeee1435adfddb338719aec7e08","short_id":"764056bc","title":"Update
        VERSION to 11.1.0-rc9","created_at":"2018-07-12T11:27:24.000Z","parent_ids":["dc880c0898a00037ecb66456965825946b6e840e"],"message":"Update
        VERSION to 11.1.0-rc9\n","author_name":"GitLab Release Tools Bot","author_email":"robert+release-tools@gitlab.com","authored_date":"2018-07-12T11:27:24.000Z","committer_name":"GitLab
        Release Tools Bot","committer_email":"robert+release-tools@gitlab.com","committed_date":"2018-07-12T11:27:24.000Z"},"pipeline":{"id":86696,"sha":"764056bc72adddeee1435adfddb338719aec7e08","ref":"11.1.0+rc9.ce.0","status":"success"},"runner":null,"artifacts_expire_at":null},{"id":2614896,"status":"manual","stage":"package-release","name":"Debian-7-release","ref":"11.1.0+rc9.ce.0","tag":true,"coverage":null,"created_at":"2018-07-12T11:27:33.918Z","started_at":null,"finished_at":null,"duration":null,"user":{"id":443,"name":"GitLab
        Release Tools Bot","username":"gitlab-release-tools-bot","state":"active","avatar_url":"https://dev.gitlab.org/uploads/-/system/user/avatar/443/ship-it-squirrel.png","web_url":"https://dev.gitlab.org/gitlab-release-tools-bot","created_at":"2018-05-21T19:59:15.157Z","bio":null,"location":null,"skype":"","linkedin":"","twitter":"","website_url":"","organization":null},"commit":{"id":"764056bc72adddeee1435adfddb338719aec7e08","short_id":"764056bc","title":"Update
        VERSION to 11.1.0-rc9","created_at":"2018-07-12T11:27:24.000Z","parent_ids":["dc880c0898a00037ecb66456965825946b6e840e"],"message":"Update
        VERSION to 11.1.0-rc9\n","author_name":"GitLab Release Tools Bot","author_email":"robert+release-tools@gitlab.com","authored_date":"2018-07-12T11:27:24.000Z","committer_name":"GitLab
        Release Tools Bot","committer_email":"robert+release-tools@gitlab.com","committed_date":"2018-07-12T11:27:24.000Z"},"pipeline":{"id":86696,"sha":"764056bc72adddeee1435adfddb338719aec7e08","ref":"11.1.0+rc9.ce.0","status":"success"},"runner":null,"artifacts_expire_at":null},{"id":2614897,"status":"manual","stage":"package-release","name":"Debian-8-release","ref":"11.1.0+rc9.ce.0","tag":true,"coverage":null,"created_at":"2018-07-12T11:27:33.950Z","started_at":null,"finished_at":null,"duration":null,"user":{"id":443,"name":"GitLab
        Release Tools Bot","username":"gitlab-release-tools-bot","state":"active","avatar_url":"https://dev.gitlab.org/uploads/-/system/user/avatar/443/ship-it-squirrel.png","web_url":"https://dev.gitlab.org/gitlab-release-tools-bot","created_at":"2018-05-21T19:59:15.157Z","bio":null,"location":null,"skype":"","linkedin":"","twitter":"","website_url":"","organization":null},"commit":{"id":"764056bc72adddeee1435adfddb338719aec7e08","short_id":"764056bc","title":"Update
        VERSION to 11.1.0-rc9","created_at":"2018-07-12T11:27:24.000Z","parent_ids":["dc880c0898a00037ecb66456965825946b6e840e"],"message":"Update
        VERSION to 11.1.0-rc9\n","author_name":"GitLab Release Tools Bot","author_email":"robert+release-tools@gitlab.com","authored_date":"2018-07-12T11:27:24.000Z","committer_name":"GitLab
        Release Tools Bot","committer_email":"robert+release-tools@gitlab.com","committed_date":"2018-07-12T11:27:24.000Z"},"pipeline":{"id":86696,"sha":"764056bc72adddeee1435adfddb338719aec7e08","ref":"11.1.0+rc9.ce.0","status":"success"},"runner":null,"artifacts_expire_at":null},{"id":2614898,"status":"manual","stage":"package-release","name":"Debian-9.1-release","ref":"11.1.0+rc9.ce.0","tag":true,"coverage":null,"created_at":"2018-07-12T11:27:33.989Z","started_at":null,"finished_at":null,"duration":null,"user":{"id":443,"name":"GitLab
        Release Tools Bot","username":"gitlab-release-tools-bot","state":"active","avatar_url":"https://dev.gitlab.org/uploads/-/system/user/avatar/443/ship-it-squirrel.png","web_url":"https://dev.gitlab.org/gitlab-release-tools-bot","created_at":"2018-05-21T19:59:15.157Z","bio":null,"location":null,"skype":"","linkedin":"","twitter":"","website_url":"","organization":null},"commit":{"id":"764056bc72adddeee1435adfddb338719aec7e08","short_id":"764056bc","title":"Update
        VERSION to 11.1.0-rc9","created_at":"2018-07-12T11:27:24.000Z","parent_ids":["dc880c0898a00037ecb66456965825946b6e840e"],"message":"Update
        VERSION to 11.1.0-rc9\n","author_name":"GitLab Release Tools Bot","author_email":"robert+release-tools@gitlab.com","authored_date":"2018-07-12T11:27:24.000Z","committer_name":"GitLab
        Release Tools Bot","committer_email":"robert+release-tools@gitlab.com","committed_date":"2018-07-12T11:27:24.000Z"},"pipeline":{"id":86696,"sha":"764056bc72adddeee1435adfddb338719aec7e08","ref":"11.1.0+rc9.ce.0","status":"success"},"runner":null,"artifacts_expire_at":null},{"id":2614899,"status":"manual","stage":"package-release","name":"CentOS-6-release","ref":"11.1.0+rc9.ce.0","tag":true,"coverage":null,"created_at":"2018-07-12T11:27:34.027Z","started_at":null,"finished_at":null,"duration":null,"user":{"id":443,"name":"GitLab
        Release Tools Bot","username":"gitlab-release-tools-bot","state":"active","avatar_url":"https://dev.gitlab.org/uploads/-/system/user/avatar/443/ship-it-squirrel.png","web_url":"https://dev.gitlab.org/gitlab-release-tools-bot","created_at":"2018-05-21T19:59:15.157Z","bio":null,"location":null,"skype":"","linkedin":"","twitter":"","website_url":"","organization":null},"commit":{"id":"764056bc72adddeee1435adfddb338719aec7e08","short_id":"764056bc","title":"Update
        VERSION to 11.1.0-rc9","created_at":"2018-07-12T11:27:24.000Z","parent_ids":["dc880c0898a00037ecb66456965825946b6e840e"],"message":"Update
        VERSION to 11.1.0-rc9\n","author_name":"GitLab Release Tools Bot","author_email":"robert+release-tools@gitlab.com","authored_date":"2018-07-12T11:27:24.000Z","committer_name":"GitLab
        Release Tools Bot","committer_email":"robert+release-tools@gitlab.com","committed_date":"2018-07-12T11:27:24.000Z"},"pipeline":{"id":86696,"sha":"764056bc72adddeee1435adfddb338719aec7e08","ref":"11.1.0+rc9.ce.0","status":"success"},"runner":null,"artifacts_expire_at":null},{"id":2614900,"status":"manual","stage":"package-release","name":"CentOS-7-release","ref":"11.1.0+rc9.ce.0","tag":true,"coverage":null,"created_at":"2018-07-12T11:27:34.064Z","started_at":null,"finished_at":null,"duration":null,"user":{"id":443,"name":"GitLab
        Release Tools Bot","username":"gitlab-release-tools-bot","state":"active","avatar_url":"https://dev.gitlab.org/uploads/-/system/user/avatar/443/ship-it-squirrel.png","web_url":"https://dev.gitlab.org/gitlab-release-tools-bot","created_at":"2018-05-21T19:59:15.157Z","bio":null,"location":null,"skype":"","linkedin":"","twitter":"","website_url":"","organization":null},"commit":{"id":"764056bc72adddeee1435adfddb338719aec7e08","short_id":"764056bc","title":"Update
        VERSION to 11.1.0-rc9","created_at":"2018-07-12T11:27:24.000Z","parent_ids":["dc880c0898a00037ecb66456965825946b6e840e"],"message":"Update
        VERSION to 11.1.0-rc9\n","author_name":"GitLab Release Tools Bot","author_email":"robert+release-tools@gitlab.com","authored_date":"2018-07-12T11:27:24.000Z","committer_name":"GitLab
        Release Tools Bot","committer_email":"robert+release-tools@gitlab.com","committed_date":"2018-07-12T11:27:24.000Z"},"pipeline":{"id":86696,"sha":"764056bc72adddeee1435adfddb338719aec7e08","ref":"11.1.0+rc9.ce.0","status":"success"},"runner":null,"artifacts_expire_at":null},{"id":2614901,"status":"manual","stage":"package-release","name":"OpenSUSE-42.3-release","ref":"11.1.0+rc9.ce.0","tag":true,"coverage":null,"created_at":"2018-07-12T11:27:34.103Z","started_at":null,"finished_at":null,"duration":null,"user":{"id":443,"name":"GitLab
        Release Tools Bot","username":"gitlab-release-tools-bot","state":"active","avatar_url":"https://dev.gitlab.org/uploads/-/system/user/avatar/443/ship-it-squirrel.png","web_url":"https://dev.gitlab.org/gitlab-release-tools-bot","created_at":"2018-05-21T19:59:15.157Z","bio":null,"location":null,"skype":"","linkedin":"","twitter":"","website_url":"","organization":null},"commit":{"id":"764056bc72adddeee1435adfddb338719aec7e08","short_id":"764056bc","title":"Update
        VERSION to 11.1.0-rc9","created_at":"2018-07-12T11:27:24.000Z","parent_ids":["dc880c0898a00037ecb66456965825946b6e840e"],"message":"Update
        VERSION to 11.1.0-rc9\n","author_name":"GitLab Release Tools Bot","author_email":"robert+release-tools@gitlab.com","authored_date":"2018-07-12T11:27:24.000Z","committer_name":"GitLab
        Release Tools Bot","committer_email":"robert+release-tools@gitlab.com","committed_date":"2018-07-12T11:27:24.000Z"},"pipeline":{"id":86696,"sha":"764056bc72adddeee1435adfddb338719aec7e08","ref":"11.1.0+rc9.ce.0","status":"success"},"runner":null,"artifacts_expire_at":null},{"id":2614902,"status":"manual","stage":"package-release","name":"SLES-12-release","ref":"11.1.0+rc9.ce.0","tag":true,"coverage":null,"created_at":"2018-07-12T11:27:34.149Z","started_at":null,"finished_at":null,"duration":null,"user":{"id":443,"name":"GitLab
        Release Tools Bot","username":"gitlab-release-tools-bot","state":"active","avatar_url":"https://dev.gitlab.org/uploads/-/system/user/avatar/443/ship-it-squirrel.png","web_url":"https://dev.gitlab.org/gitlab-release-tools-bot","created_at":"2018-05-21T19:59:15.157Z","bio":null,"location":null,"skype":"","linkedin":"","twitter":"","website_url":"","organization":null},"commit":{"id":"764056bc72adddeee1435adfddb338719aec7e08","short_id":"764056bc","title":"Update
        VERSION to 11.1.0-rc9","created_at":"2018-07-12T11:27:24.000Z","parent_ids":["dc880c0898a00037ecb66456965825946b6e840e"],"message":"Update
        VERSION to 11.1.0-rc9\n","author_name":"GitLab Release Tools Bot","author_email":"robert+release-tools@gitlab.com","authored_date":"2018-07-12T11:27:24.000Z","committer_name":"GitLab
        Release Tools Bot","committer_email":"robert+release-tools@gitlab.com","committed_date":"2018-07-12T11:27:24.000Z"},"pipeline":{"id":86696,"sha":"764056bc72adddeee1435adfddb338719aec7e08","ref":"11.1.0+rc9.ce.0","status":"success"},"runner":null,"artifacts_expire_at":null},{"id":2614903,"status":"manual","stage":"trigger-images","name":"release:images","ref":"11.1.0+rc9.ce.0","tag":true,"coverage":null,"created_at":"2018-07-12T11:27:34.192Z","started_at":null,"finished_at":null,"duration":null,"user":{"id":443,"name":"GitLab
        Release Tools Bot","username":"gitlab-release-tools-bot","state":"active","avatar_url":"https://dev.gitlab.org/uploads/-/system/user/avatar/443/ship-it-squirrel.png","web_url":"https://dev.gitlab.org/gitlab-release-tools-bot","created_at":"2018-05-21T19:59:15.157Z","bio":null,"location":null,"skype":"","linkedin":"","twitter":"","website_url":"","organization":null},"commit":{"id":"764056bc72adddeee1435adfddb338719aec7e08","short_id":"764056bc","title":"Update
        VERSION to 11.1.0-rc9","created_at":"2018-07-12T11:27:24.000Z","parent_ids":["dc880c0898a00037ecb66456965825946b6e840e"],"message":"Update
        VERSION to 11.1.0-rc9\n","author_name":"GitLab Release Tools Bot","author_email":"robert+release-tools@gitlab.com","authored_date":"2018-07-12T11:27:24.000Z","committer_name":"GitLab
        Release Tools Bot","committer_email":"robert+release-tools@gitlab.com","committed_date":"2018-07-12T11:27:24.000Z"},"pipeline":{"id":86696,"sha":"764056bc72adddeee1435adfddb338719aec7e08","ref":"11.1.0+rc9.ce.0","status":"success"},"runner":null,"artifacts_expire_at":null},{"id":2614904,"status":"manual","stage":"image-release","name":"Docker-Release","ref":"11.1.0+rc9.ce.0","tag":true,"coverage":null,"created_at":"2018-07-12T11:27:34.233Z","started_at":null,"finished_at":null,"duration":null,"user":{"id":443,"name":"GitLab
        Release Tools Bot","username":"gitlab-release-tools-bot","state":"active","avatar_url":"https://dev.gitlab.org/uploads/-/system/user/avatar/443/ship-it-squirrel.png","web_url":"https://dev.gitlab.org/gitlab-release-tools-bot","created_at":"2018-05-21T19:59:15.157Z","bio":null,"location":null,"skype":"","linkedin":"","twitter":"","website_url":"","organization":null},"commit":{"id":"764056bc72adddeee1435adfddb338719aec7e08","short_id":"764056bc","title":"Update
        VERSION to 11.1.0-rc9","created_at":"2018-07-12T11:27:24.000Z","parent_ids":["dc880c0898a00037ecb66456965825946b6e840e"],"message":"Update
        VERSION to 11.1.0-rc9\n","author_name":"GitLab Release Tools Bot","author_email":"robert+release-tools@gitlab.com","authored_date":"2018-07-12T11:27:24.000Z","committer_name":"GitLab
        Release Tools Bot","committer_email":"robert+release-tools@gitlab.com","committed_date":"2018-07-12T11:27:24.000Z"},"pipeline":{"id":86696,"sha":"764056bc72adddeee1435adfddb338719aec7e08","ref":"11.1.0+rc9.ce.0","status":"success"},"runner":null,"artifacts_expire_at":null},{"id":2614905,"status":"manual","stage":"image-release","name":"AWS","ref":"11.1.0+rc9.ce.0","tag":true,"coverage":null,"created_at":"2018-07-12T11:27:34.282Z","started_at":null,"finished_at":null,"duration":null,"user":{"id":443,"name":"GitLab
        Release Tools Bot","username":"gitlab-release-tools-bot","state":"active","avatar_url":"https://dev.gitlab.org/uploads/-/system/user/avatar/443/ship-it-squirrel.png","web_url":"https://dev.gitlab.org/gitlab-release-tools-bot","created_at":"2018-05-21T19:59:15.157Z","bio":null,"location":null,"skype":"","linkedin":"","twitter":"","website_url":"","organization":null},"commit":{"id":"764056bc72adddeee1435adfddb338719aec7e08","short_id":"764056bc","title":"Update
        VERSION to 11.1.0-rc9","created_at":"2018-07-12T11:27:24.000Z","parent_ids":["dc880c0898a00037ecb66456965825946b6e840e"],"message":"Update
        VERSION to 11.1.0-rc9\n","author_name":"GitLab Release Tools Bot","author_email":"robert+release-tools@gitlab.com","authored_date":"2018-07-12T11:27:24.000Z","committer_name":"GitLab
        Release Tools Bot","committer_email":"robert+release-tools@gitlab.com","committed_date":"2018-07-12T11:27:24.000Z"},"pipeline":{"id":86696,"sha":"764056bc72adddeee1435adfddb338719aec7e08","ref":"11.1.0+rc9.ce.0","status":"success"},"runner":null,"artifacts_expire_at":null},{"id":2614906,"status":"manual","stage":"image-release","name":"QA-Tag","ref":"11.1.0+rc9.ce.0","tag":true,"coverage":null,"created_at":"2018-07-12T11:27:34.328Z","started_at":null,"finished_at":null,"duration":null,"user":{"id":443,"name":"GitLab
        Release Tools Bot","username":"gitlab-release-tools-bot","state":"active","avatar_url":"https://dev.gitlab.org/uploads/-/system/user/avatar/443/ship-it-squirrel.png","web_url":"https://dev.gitlab.org/gitlab-release-tools-bot","created_at":"2018-05-21T19:59:15.157Z","bio":null,"location":null,"skype":"","linkedin":"","twitter":"","website_url":"","organization":null},"commit":{"id":"764056bc72adddeee1435adfddb338719aec7e08","short_id":"764056bc","title":"Update
        VERSION to 11.1.0-rc9","created_at":"2018-07-12T11:27:24.000Z","parent_ids":["dc880c0898a00037ecb66456965825946b6e840e"],"message":"Update
        VERSION to 11.1.0-rc9\n","author_name":"GitLab Release Tools Bot","author_email":"robert+release-tools@gitlab.com","authored_date":"2018-07-12T11:27:24.000Z","committer_name":"GitLab
        Release Tools Bot","committer_email":"robert+release-tools@gitlab.com","committed_date":"2018-07-12T11:27:24.000Z"},"pipeline":{"id":86696,"sha":"764056bc72adddeee1435adfddb338719aec7e08","ref":"11.1.0+rc9.ce.0","status":"success"},"runner":null,"artifacts_expire_at":null},{"id":2614907,"status":"manual","stage":"metrics","name":"upgrade","ref":"11.1.0+rc9.ce.0","tag":true,"coverage":null,"created_at":"2018-07-12T11:27:34.369Z","started_at":null,"finished_at":null,"duration":null,"user":{"id":443,"name":"GitLab
        Release Tools Bot","username":"gitlab-release-tools-bot","state":"active","avatar_url":"https://dev.gitlab.org/uploads/-/system/user/avatar/443/ship-it-squirrel.png","web_url":"https://dev.gitlab.org/gitlab-release-tools-bot","created_at":"2018-05-21T19:59:15.157Z","bio":null,"location":null,"skype":"","linkedin":"","twitter":"","website_url":"","organization":null},"commit":{"id":"764056bc72adddeee1435adfddb338719aec7e08","short_id":"764056bc","title":"Update
        VERSION to 11.1.0-rc9","created_at":"2018-07-12T11:27:24.000Z","parent_ids":["dc880c0898a00037ecb66456965825946b6e840e"],"message":"Update
        VERSION to 11.1.0-rc9\n","author_name":"GitLab Release Tools Bot","author_email":"robert+release-tools@gitlab.com","authored_date":"2018-07-12T11:27:24.000Z","committer_name":"GitLab
        Release Tools Bot","committer_email":"robert+release-tools@gitlab.com","committed_date":"2018-07-12T11:27:24.000Z"},"pipeline":{"id":86696,"sha":"764056bc72adddeee1435adfddb338719aec7e08","ref":"11.1.0+rc9.ce.0","status":"success"},"runner":null,"artifacts_expire_at":null},{"id":2614911,"status":"manual","stage":"raspbian-release","name":"Raspberry-Pi-2-Jessie-release","ref":"11.1.0+rc9.ce.0","tag":true,"coverage":null,"created_at":"2018-07-12T11:27:34.586Z","started_at":null,"finished_at":null,"duration":null,"user":{"id":443,"name":"GitLab
        Release Tools Bot","username":"gitlab-release-tools-bot","state":"active","avatar_url":"https://dev.gitlab.org/uploads/-/system/user/avatar/443/ship-it-squirrel.png","web_url":"https://dev.gitlab.org/gitlab-release-tools-bot","created_at":"2018-05-21T19:59:15.157Z","bio":null,"location":null,"skype":"","linkedin":"","twitter":"","website_url":"","organization":null},"commit":{"id":"764056bc72adddeee1435adfddb338719aec7e08","short_id":"764056bc","title":"Update
        VERSION to 11.1.0-rc9","created_at":"2018-07-12T11:27:24.000Z","parent_ids":["dc880c0898a00037ecb66456965825946b6e840e"],"message":"Update
        VERSION to 11.1.0-rc9\n","author_name":"GitLab Release Tools Bot","author_email":"robert+release-tools@gitlab.com","authored_date":"2018-07-12T11:27:24.000Z","committer_name":"GitLab
        Release Tools Bot","committer_email":"robert+release-tools@gitlab.com","committed_date":"2018-07-12T11:27:24.000Z"},"pipeline":{"id":86696,"sha":"764056bc72adddeee1435adfddb338719aec7e08","ref":"11.1.0+rc9.ce.0","status":"success"},"runner":null,"artifacts_expire_at":null},{"id":2614912,"status":"manual","stage":"raspbian-release","name":"Raspberry-Pi-2-Stretch-release","ref":"11.1.0+rc9.ce.0","tag":true,"coverage":null,"created_at":"2018-07-12T11:27:34.647Z","started_at":null,"finished_at":null,"duration":null,"user":{"id":443,"name":"GitLab
        Release Tools Bot","username":"gitlab-release-tools-bot","state":"active","avatar_url":"https://dev.gitlab.org/uploads/-/system/user/avatar/443/ship-it-squirrel.png","web_url":"https://dev.gitlab.org/gitlab-release-tools-bot","created_at":"2018-05-21T19:59:15.157Z","bio":null,"location":null,"skype":"","linkedin":"","twitter":"","website_url":"","organization":null},"commit":{"id":"764056bc72adddeee1435adfddb338719aec7e08","short_id":"764056bc","title":"Update
        VERSION to 11.1.0-rc9","created_at":"2018-07-12T11:27:24.000Z","parent_ids":["dc880c0898a00037ecb66456965825946b6e840e"],"message":"Update
        VERSION to 11.1.0-rc9\n","author_name":"GitLab Release Tools Bot","author_email":"robert+release-tools@gitlab.com","authored_date":"2018-07-12T11:27:24.000Z","committer_name":"GitLab
        Release Tools Bot","committer_email":"robert+release-tools@gitlab.com","committed_date":"2018-07-12T11:27:24.000Z"},"pipeline":{"id":86696,"sha":"764056bc72adddeee1435adfddb338719aec7e08","ref":"11.1.0+rc9.ce.0","status":"success"},"runner":null,"artifacts_expire_at":null}]'
    http_version: 
  recorded_at: Thu, 12 Jul 2018 18:22:40 GMT
- request:
    method: post
    uri: https://dev.gitlab.org/api/v4/projects/gitlab%2Fomnibus-gitlab/jobs/2614893/play
    body:
      encoding: UTF-8
      string: ''
    headers:
      Accept:
      - application/json
      Content-Type:
      - application/x-www-form-urlencoded
      User-Agent:
      - Gitlab Ruby Gem 4.4.0
      Private-Token:
      - "[DEV_API_PRIVATE_TOKEN]"
  response:
    status:
      code: 200
      message: OK
    headers:
      Server:
      - nginx
      Date:
      - Thu, 12 Jul 2018 18:22:40 GMT
      Content-Type:
      - application/json
      Content-Length:
      - '1325'
      Connection:
      - keep-alive
      Cache-Control:
      - max-age=0, private, must-revalidate
      Etag:
      - W/"fd47f76994e24f6739e90907fbdc47c0"
      Vary:
      - Origin
      X-Content-Type-Options:
      - nosniff
      X-Frame-Options:
      - SAMEORIGIN
      X-Request-Id:
      - 7959880e-0e22-4801-bbf4-ce2812fa85e6
      X-Runtime:
      - '0.073639'
      Strict-Transport-Security:
      - max-age=31536000
    body:
      encoding: UTF-8
      string: '{"id":2614893,"status":"pending","stage":"package-release","name":"Ubuntu-14.04-release","ref":"11.1.0+rc9.ce.0","tag":true,"coverage":null,"created_at":"2018-07-12T11:27:33.810Z","started_at":null,"finished_at":null,"duration":null,"user":{"id":443,"name":"GitLab
        Release Tools Bot","username":"gitlab-release-tools-bot","state":"active","avatar_url":"https://dev.gitlab.org/uploads/-/system/user/avatar/443/ship-it-squirrel.png","web_url":"https://dev.gitlab.org/gitlab-release-tools-bot","created_at":"2018-05-21T19:59:15.157Z","bio":null,"location":null,"skype":"","linkedin":"","twitter":"","website_url":"","organization":null},"commit":{"id":"764056bc72adddeee1435adfddb338719aec7e08","short_id":"764056bc","title":"Update
        VERSION to 11.1.0-rc9","created_at":"2018-07-12T11:27:24.000Z","parent_ids":["dc880c0898a00037ecb66456965825946b6e840e"],"message":"Update
        VERSION to 11.1.0-rc9\n","author_name":"GitLab Release Tools Bot","author_email":"robert+release-tools@gitlab.com","authored_date":"2018-07-12T11:27:24.000Z","committer_name":"GitLab
        Release Tools Bot","committer_email":"robert+release-tools@gitlab.com","committed_date":"2018-07-12T11:27:24.000Z"},"pipeline":{"id":86696,"sha":"764056bc72adddeee1435adfddb338719aec7e08","ref":"11.1.0+rc9.ce.0","status":"success"},"runner":null,"artifacts_expire_at":null}'
    http_version: 
  recorded_at: Thu, 12 Jul 2018 18:22:40 GMT
- request:
    method: post
    uri: https://dev.gitlab.org/api/v4/projects/gitlab%2Fomnibus-gitlab/jobs/2614894/play
    body:
      encoding: UTF-8
      string: ''
    headers:
      Accept:
      - application/json
      Content-Type:
      - application/x-www-form-urlencoded
      User-Agent:
      - Gitlab Ruby Gem 4.4.0
      Private-Token:
      - "[DEV_API_PRIVATE_TOKEN]"
  response:
    status:
      code: 200
      message: OK
    headers:
      Server:
      - nginx
      Date:
      - Thu, 12 Jul 2018 18:22:40 GMT
      Content-Type:
      - application/json
      Content-Length:
      - '1325'
      Connection:
      - keep-alive
      Cache-Control:
      - max-age=0, private, must-revalidate
      Etag:
      - W/"1113e40f0a0c2f4292889876b4afc079"
      Vary:
      - Origin
      X-Content-Type-Options:
      - nosniff
      X-Frame-Options:
      - SAMEORIGIN
      X-Request-Id:
      - 8d6cecbb-e313-401c-ab05-d44ccebf6fe1
      X-Runtime:
      - '0.074879'
      Strict-Transport-Security:
      - max-age=31536000
    body:
      encoding: UTF-8
      string: '{"id":2614894,"status":"pending","stage":"package-release","name":"Ubuntu-16.04-release","ref":"11.1.0+rc9.ce.0","tag":true,"coverage":null,"created_at":"2018-07-12T11:27:33.842Z","started_at":null,"finished_at":null,"duration":null,"user":{"id":443,"name":"GitLab
        Release Tools Bot","username":"gitlab-release-tools-bot","state":"active","avatar_url":"https://dev.gitlab.org/uploads/-/system/user/avatar/443/ship-it-squirrel.png","web_url":"https://dev.gitlab.org/gitlab-release-tools-bot","created_at":"2018-05-21T19:59:15.157Z","bio":null,"location":null,"skype":"","linkedin":"","twitter":"","website_url":"","organization":null},"commit":{"id":"764056bc72adddeee1435adfddb338719aec7e08","short_id":"764056bc","title":"Update
        VERSION to 11.1.0-rc9","created_at":"2018-07-12T11:27:24.000Z","parent_ids":["dc880c0898a00037ecb66456965825946b6e840e"],"message":"Update
        VERSION to 11.1.0-rc9\n","author_name":"GitLab Release Tools Bot","author_email":"robert+release-tools@gitlab.com","authored_date":"2018-07-12T11:27:24.000Z","committer_name":"GitLab
        Release Tools Bot","committer_email":"robert+release-tools@gitlab.com","committed_date":"2018-07-12T11:27:24.000Z"},"pipeline":{"id":86696,"sha":"764056bc72adddeee1435adfddb338719aec7e08","ref":"11.1.0+rc9.ce.0","status":"success"},"runner":null,"artifacts_expire_at":null}'
    http_version: 
  recorded_at: Thu, 12 Jul 2018 18:22:40 GMT
- request:
    method: post
    uri: https://dev.gitlab.org/api/v4/projects/gitlab%2Fomnibus-gitlab/jobs/2614895/play
    body:
      encoding: UTF-8
      string: ''
    headers:
      Accept:
      - application/json
      Content-Type:
      - application/x-www-form-urlencoded
      User-Agent:
      - Gitlab Ruby Gem 4.4.0
      Private-Token:
      - "[DEV_API_PRIVATE_TOKEN]"
  response:
    status:
      code: 200
      message: OK
    headers:
      Server:
      - nginx
      Date:
      - Thu, 12 Jul 2018 18:22:40 GMT
      Content-Type:
      - application/json
      Content-Length:
      - '1325'
      Connection:
      - keep-alive
      Cache-Control:
      - max-age=0, private, must-revalidate
      Etag:
      - W/"ae09e708ff678d10a16ef45b64d1f5d7"
      Vary:
      - Origin
      X-Content-Type-Options:
      - nosniff
      X-Frame-Options:
      - SAMEORIGIN
      X-Request-Id:
      - 54fb243b-fbfe-44a3-87db-390f60d55f8a
      X-Runtime:
      - '0.086185'
      Strict-Transport-Security:
      - max-age=31536000
    body:
      encoding: UTF-8
      string: '{"id":2614895,"status":"pending","stage":"package-release","name":"Ubuntu-18.04-release","ref":"11.1.0+rc9.ce.0","tag":true,"coverage":null,"created_at":"2018-07-12T11:27:33.877Z","started_at":null,"finished_at":null,"duration":null,"user":{"id":443,"name":"GitLab
        Release Tools Bot","username":"gitlab-release-tools-bot","state":"active","avatar_url":"https://dev.gitlab.org/uploads/-/system/user/avatar/443/ship-it-squirrel.png","web_url":"https://dev.gitlab.org/gitlab-release-tools-bot","created_at":"2018-05-21T19:59:15.157Z","bio":null,"location":null,"skype":"","linkedin":"","twitter":"","website_url":"","organization":null},"commit":{"id":"764056bc72adddeee1435adfddb338719aec7e08","short_id":"764056bc","title":"Update
        VERSION to 11.1.0-rc9","created_at":"2018-07-12T11:27:24.000Z","parent_ids":["dc880c0898a00037ecb66456965825946b6e840e"],"message":"Update
        VERSION to 11.1.0-rc9\n","author_name":"GitLab Release Tools Bot","author_email":"robert+release-tools@gitlab.com","authored_date":"2018-07-12T11:27:24.000Z","committer_name":"GitLab
        Release Tools Bot","committer_email":"robert+release-tools@gitlab.com","committed_date":"2018-07-12T11:27:24.000Z"},"pipeline":{"id":86696,"sha":"764056bc72adddeee1435adfddb338719aec7e08","ref":"11.1.0+rc9.ce.0","status":"running"},"runner":null,"artifacts_expire_at":null}'
    http_version: 
  recorded_at: Thu, 12 Jul 2018 18:22:41 GMT
- request:
    method: post
    uri: https://dev.gitlab.org/api/v4/projects/gitlab%2Fomnibus-gitlab/jobs/2614896/play
    body:
      encoding: UTF-8
      string: ''
    headers:
      Accept:
      - application/json
      Content-Type:
      - application/x-www-form-urlencoded
      User-Agent:
      - Gitlab Ruby Gem 4.4.0
      Private-Token:
      - "[DEV_API_PRIVATE_TOKEN]"
  response:
    status:
      code: 200
      message: OK
    headers:
      Server:
      - nginx
      Date:
      - Thu, 12 Jul 2018 18:22:41 GMT
      Content-Type:
      - application/json
      Content-Length:
      - '1321'
      Connection:
      - keep-alive
      Cache-Control:
      - max-age=0, private, must-revalidate
      Etag:
      - W/"9d4fcd3d08bd2bc2f0f1da057c4d467f"
      Vary:
      - Origin
      X-Content-Type-Options:
      - nosniff
      X-Frame-Options:
      - SAMEORIGIN
      X-Request-Id:
      - f43147f2-ef92-498c-bb3d-15a5024a8ecd
      X-Runtime:
      - '0.155362'
      Strict-Transport-Security:
      - max-age=31536000
    body:
      encoding: UTF-8
      string: '{"id":2614896,"status":"pending","stage":"package-release","name":"Debian-7-release","ref":"11.1.0+rc9.ce.0","tag":true,"coverage":null,"created_at":"2018-07-12T11:27:33.918Z","started_at":null,"finished_at":null,"duration":null,"user":{"id":443,"name":"GitLab
        Release Tools Bot","username":"gitlab-release-tools-bot","state":"active","avatar_url":"https://dev.gitlab.org/uploads/-/system/user/avatar/443/ship-it-squirrel.png","web_url":"https://dev.gitlab.org/gitlab-release-tools-bot","created_at":"2018-05-21T19:59:15.157Z","bio":null,"location":null,"skype":"","linkedin":"","twitter":"","website_url":"","organization":null},"commit":{"id":"764056bc72adddeee1435adfddb338719aec7e08","short_id":"764056bc","title":"Update
        VERSION to 11.1.0-rc9","created_at":"2018-07-12T11:27:24.000Z","parent_ids":["dc880c0898a00037ecb66456965825946b6e840e"],"message":"Update
        VERSION to 11.1.0-rc9\n","author_name":"GitLab Release Tools Bot","author_email":"robert+release-tools@gitlab.com","authored_date":"2018-07-12T11:27:24.000Z","committer_name":"GitLab
        Release Tools Bot","committer_email":"robert+release-tools@gitlab.com","committed_date":"2018-07-12T11:27:24.000Z"},"pipeline":{"id":86696,"sha":"764056bc72adddeee1435adfddb338719aec7e08","ref":"11.1.0+rc9.ce.0","status":"running"},"runner":null,"artifacts_expire_at":null}'
    http_version: 
  recorded_at: Thu, 12 Jul 2018 18:22:41 GMT
- request:
    method: post
    uri: https://dev.gitlab.org/api/v4/projects/gitlab%2Fomnibus-gitlab/jobs/2614897/play
    body:
      encoding: UTF-8
      string: ''
    headers:
      Accept:
      - application/json
      Content-Type:
      - application/x-www-form-urlencoded
      User-Agent:
      - Gitlab Ruby Gem 4.4.0
      Private-Token:
      - "[DEV_API_PRIVATE_TOKEN]"
  response:
    status:
      code: 200
      message: OK
    headers:
      Server:
      - nginx
      Date:
      - Thu, 12 Jul 2018 18:22:41 GMT
      Content-Type:
      - application/json
      Content-Length:
      - '1321'
      Connection:
      - keep-alive
      Cache-Control:
      - max-age=0, private, must-revalidate
      Etag:
      - W/"9123e6d742a807e70ace7b0efe05cf83"
      Vary:
      - Origin
      X-Content-Type-Options:
      - nosniff
      X-Frame-Options:
      - SAMEORIGIN
      X-Request-Id:
      - 7c214dfc-5724-44d0-988b-83232842ee8e
      X-Runtime:
      - '0.130584'
      Strict-Transport-Security:
      - max-age=31536000
    body:
      encoding: UTF-8
      string: '{"id":2614897,"status":"pending","stage":"package-release","name":"Debian-8-release","ref":"11.1.0+rc9.ce.0","tag":true,"coverage":null,"created_at":"2018-07-12T11:27:33.950Z","started_at":null,"finished_at":null,"duration":null,"user":{"id":443,"name":"GitLab
        Release Tools Bot","username":"gitlab-release-tools-bot","state":"active","avatar_url":"https://dev.gitlab.org/uploads/-/system/user/avatar/443/ship-it-squirrel.png","web_url":"https://dev.gitlab.org/gitlab-release-tools-bot","created_at":"2018-05-21T19:59:15.157Z","bio":null,"location":null,"skype":"","linkedin":"","twitter":"","website_url":"","organization":null},"commit":{"id":"764056bc72adddeee1435adfddb338719aec7e08","short_id":"764056bc","title":"Update
        VERSION to 11.1.0-rc9","created_at":"2018-07-12T11:27:24.000Z","parent_ids":["dc880c0898a00037ecb66456965825946b6e840e"],"message":"Update
        VERSION to 11.1.0-rc9\n","author_name":"GitLab Release Tools Bot","author_email":"robert+release-tools@gitlab.com","authored_date":"2018-07-12T11:27:24.000Z","committer_name":"GitLab
        Release Tools Bot","committer_email":"robert+release-tools@gitlab.com","committed_date":"2018-07-12T11:27:24.000Z"},"pipeline":{"id":86696,"sha":"764056bc72adddeee1435adfddb338719aec7e08","ref":"11.1.0+rc9.ce.0","status":"running"},"runner":null,"artifacts_expire_at":null}'
    http_version: 
  recorded_at: Thu, 12 Jul 2018 18:22:41 GMT
- request:
    method: post
    uri: https://dev.gitlab.org/api/v4/projects/gitlab%2Fomnibus-gitlab/jobs/2614898/play
    body:
      encoding: UTF-8
      string: ''
    headers:
      Accept:
      - application/json
      Content-Type:
      - application/x-www-form-urlencoded
      User-Agent:
      - Gitlab Ruby Gem 4.4.0
      Private-Token:
      - "[DEV_API_PRIVATE_TOKEN]"
  response:
    status:
      code: 200
      message: OK
    headers:
      Server:
      - nginx
      Date:
      - Thu, 12 Jul 2018 18:22:41 GMT
      Content-Type:
      - application/json
      Content-Length:
      - '1323'
      Connection:
      - keep-alive
      Cache-Control:
      - max-age=0, private, must-revalidate
      Etag:
      - W/"cd073446df64543fa0fc7828f320fa85"
      Vary:
      - Origin
      X-Content-Type-Options:
      - nosniff
      X-Frame-Options:
      - SAMEORIGIN
      X-Request-Id:
      - fe469cec-8162-4b66-befd-8a1771e0f133
      X-Runtime:
      - '0.076845'
      Strict-Transport-Security:
      - max-age=31536000
    body:
      encoding: UTF-8
      string: '{"id":2614898,"status":"pending","stage":"package-release","name":"Debian-9.1-release","ref":"11.1.0+rc9.ce.0","tag":true,"coverage":null,"created_at":"2018-07-12T11:27:33.989Z","started_at":null,"finished_at":null,"duration":null,"user":{"id":443,"name":"GitLab
        Release Tools Bot","username":"gitlab-release-tools-bot","state":"active","avatar_url":"https://dev.gitlab.org/uploads/-/system/user/avatar/443/ship-it-squirrel.png","web_url":"https://dev.gitlab.org/gitlab-release-tools-bot","created_at":"2018-05-21T19:59:15.157Z","bio":null,"location":null,"skype":"","linkedin":"","twitter":"","website_url":"","organization":null},"commit":{"id":"764056bc72adddeee1435adfddb338719aec7e08","short_id":"764056bc","title":"Update
        VERSION to 11.1.0-rc9","created_at":"2018-07-12T11:27:24.000Z","parent_ids":["dc880c0898a00037ecb66456965825946b6e840e"],"message":"Update
        VERSION to 11.1.0-rc9\n","author_name":"GitLab Release Tools Bot","author_email":"robert+release-tools@gitlab.com","authored_date":"2018-07-12T11:27:24.000Z","committer_name":"GitLab
        Release Tools Bot","committer_email":"robert+release-tools@gitlab.com","committed_date":"2018-07-12T11:27:24.000Z"},"pipeline":{"id":86696,"sha":"764056bc72adddeee1435adfddb338719aec7e08","ref":"11.1.0+rc9.ce.0","status":"running"},"runner":null,"artifacts_expire_at":null}'
    http_version: 
  recorded_at: Thu, 12 Jul 2018 18:22:41 GMT
- request:
    method: post
    uri: https://dev.gitlab.org/api/v4/projects/gitlab%2Fomnibus-gitlab/jobs/2614899/play
    body:
      encoding: UTF-8
      string: ''
    headers:
      Accept:
      - application/json
      Content-Type:
      - application/x-www-form-urlencoded
      User-Agent:
      - Gitlab Ruby Gem 4.4.0
      Private-Token:
      - "[DEV_API_PRIVATE_TOKEN]"
  response:
    status:
      code: 200
      message: OK
    headers:
      Server:
      - nginx
      Date:
      - Thu, 12 Jul 2018 18:22:42 GMT
      Content-Type:
      - application/json
      Content-Length:
      - '1321'
      Connection:
      - keep-alive
      Cache-Control:
      - max-age=0, private, must-revalidate
      Etag:
      - W/"f609977651559b1657269a3028ef1555"
      Vary:
      - Origin
      X-Content-Type-Options:
      - nosniff
      X-Frame-Options:
      - SAMEORIGIN
      X-Request-Id:
      - d786e896-2663-4a73-b343-882b4bbf9e7a
      X-Runtime:
      - '0.073533'
      Strict-Transport-Security:
      - max-age=31536000
    body:
      encoding: UTF-8
      string: '{"id":2614899,"status":"pending","stage":"package-release","name":"CentOS-6-release","ref":"11.1.0+rc9.ce.0","tag":true,"coverage":null,"created_at":"2018-07-12T11:27:34.027Z","started_at":null,"finished_at":null,"duration":null,"user":{"id":443,"name":"GitLab
        Release Tools Bot","username":"gitlab-release-tools-bot","state":"active","avatar_url":"https://dev.gitlab.org/uploads/-/system/user/avatar/443/ship-it-squirrel.png","web_url":"https://dev.gitlab.org/gitlab-release-tools-bot","created_at":"2018-05-21T19:59:15.157Z","bio":null,"location":null,"skype":"","linkedin":"","twitter":"","website_url":"","organization":null},"commit":{"id":"764056bc72adddeee1435adfddb338719aec7e08","short_id":"764056bc","title":"Update
        VERSION to 11.1.0-rc9","created_at":"2018-07-12T11:27:24.000Z","parent_ids":["dc880c0898a00037ecb66456965825946b6e840e"],"message":"Update
        VERSION to 11.1.0-rc9\n","author_name":"GitLab Release Tools Bot","author_email":"robert+release-tools@gitlab.com","authored_date":"2018-07-12T11:27:24.000Z","committer_name":"GitLab
        Release Tools Bot","committer_email":"robert+release-tools@gitlab.com","committed_date":"2018-07-12T11:27:24.000Z"},"pipeline":{"id":86696,"sha":"764056bc72adddeee1435adfddb338719aec7e08","ref":"11.1.0+rc9.ce.0","status":"running"},"runner":null,"artifacts_expire_at":null}'
    http_version: 
  recorded_at: Thu, 12 Jul 2018 18:22:42 GMT
- request:
    method: post
    uri: https://dev.gitlab.org/api/v4/projects/gitlab%2Fomnibus-gitlab/jobs/2614900/play
    body:
      encoding: UTF-8
      string: ''
    headers:
      Accept:
      - application/json
      Content-Type:
      - application/x-www-form-urlencoded
      User-Agent:
      - Gitlab Ruby Gem 4.4.0
      Private-Token:
      - "[DEV_API_PRIVATE_TOKEN]"
  response:
    status:
      code: 200
      message: OK
    headers:
      Server:
      - nginx
      Date:
      - Thu, 12 Jul 2018 18:22:42 GMT
      Content-Type:
      - application/json
      Content-Length:
      - '1321'
      Connection:
      - keep-alive
      Cache-Control:
      - max-age=0, private, must-revalidate
      Etag:
      - W/"3a143c7ce6dc5725534f958fa0c9c776"
      Vary:
      - Origin
      X-Content-Type-Options:
      - nosniff
      X-Frame-Options:
      - SAMEORIGIN
      X-Request-Id:
      - 7392a7b8-c580-4cbc-a5f3-ade2264740aa
      X-Runtime:
      - '0.101014'
      Strict-Transport-Security:
      - max-age=31536000
    body:
      encoding: UTF-8
      string: '{"id":2614900,"status":"pending","stage":"package-release","name":"CentOS-7-release","ref":"11.1.0+rc9.ce.0","tag":true,"coverage":null,"created_at":"2018-07-12T11:27:34.064Z","started_at":null,"finished_at":null,"duration":null,"user":{"id":443,"name":"GitLab
        Release Tools Bot","username":"gitlab-release-tools-bot","state":"active","avatar_url":"https://dev.gitlab.org/uploads/-/system/user/avatar/443/ship-it-squirrel.png","web_url":"https://dev.gitlab.org/gitlab-release-tools-bot","created_at":"2018-05-21T19:59:15.157Z","bio":null,"location":null,"skype":"","linkedin":"","twitter":"","website_url":"","organization":null},"commit":{"id":"764056bc72adddeee1435adfddb338719aec7e08","short_id":"764056bc","title":"Update
        VERSION to 11.1.0-rc9","created_at":"2018-07-12T11:27:24.000Z","parent_ids":["dc880c0898a00037ecb66456965825946b6e840e"],"message":"Update
        VERSION to 11.1.0-rc9\n","author_name":"GitLab Release Tools Bot","author_email":"robert+release-tools@gitlab.com","authored_date":"2018-07-12T11:27:24.000Z","committer_name":"GitLab
        Release Tools Bot","committer_email":"robert+release-tools@gitlab.com","committed_date":"2018-07-12T11:27:24.000Z"},"pipeline":{"id":86696,"sha":"764056bc72adddeee1435adfddb338719aec7e08","ref":"11.1.0+rc9.ce.0","status":"running"},"runner":null,"artifacts_expire_at":null}'
    http_version: 
  recorded_at: Thu, 12 Jul 2018 18:22:42 GMT
- request:
    method: post
    uri: https://dev.gitlab.org/api/v4/projects/gitlab%2Fomnibus-gitlab/jobs/2614901/play
    body:
      encoding: UTF-8
      string: ''
    headers:
      Accept:
      - application/json
      Content-Type:
      - application/x-www-form-urlencoded
      User-Agent:
      - Gitlab Ruby Gem 4.4.0
      Private-Token:
      - "[DEV_API_PRIVATE_TOKEN]"
  response:
    status:
      code: 200
      message: OK
    headers:
      Server:
      - nginx
      Date:
      - Thu, 12 Jul 2018 18:22:42 GMT
      Content-Type:
      - application/json
      Content-Length:
      - '1326'
      Connection:
      - keep-alive
      Cache-Control:
      - max-age=0, private, must-revalidate
      Etag:
      - W/"31b418740029e80c33012bbd70c3b7b0"
      Vary:
      - Origin
      X-Content-Type-Options:
      - nosniff
      X-Frame-Options:
      - SAMEORIGIN
      X-Request-Id:
      - 16c0d3cd-4022-4bcb-9ef1-ca0237cdf6c0
      X-Runtime:
      - '0.108513'
      Strict-Transport-Security:
      - max-age=31536000
    body:
      encoding: UTF-8
      string: '{"id":2614901,"status":"pending","stage":"package-release","name":"OpenSUSE-42.3-release","ref":"11.1.0+rc9.ce.0","tag":true,"coverage":null,"created_at":"2018-07-12T11:27:34.103Z","started_at":null,"finished_at":null,"duration":null,"user":{"id":443,"name":"GitLab
        Release Tools Bot","username":"gitlab-release-tools-bot","state":"active","avatar_url":"https://dev.gitlab.org/uploads/-/system/user/avatar/443/ship-it-squirrel.png","web_url":"https://dev.gitlab.org/gitlab-release-tools-bot","created_at":"2018-05-21T19:59:15.157Z","bio":null,"location":null,"skype":"","linkedin":"","twitter":"","website_url":"","organization":null},"commit":{"id":"764056bc72adddeee1435adfddb338719aec7e08","short_id":"764056bc","title":"Update
        VERSION to 11.1.0-rc9","created_at":"2018-07-12T11:27:24.000Z","parent_ids":["dc880c0898a00037ecb66456965825946b6e840e"],"message":"Update
        VERSION to 11.1.0-rc9\n","author_name":"GitLab Release Tools Bot","author_email":"robert+release-tools@gitlab.com","authored_date":"2018-07-12T11:27:24.000Z","committer_name":"GitLab
        Release Tools Bot","committer_email":"robert+release-tools@gitlab.com","committed_date":"2018-07-12T11:27:24.000Z"},"pipeline":{"id":86696,"sha":"764056bc72adddeee1435adfddb338719aec7e08","ref":"11.1.0+rc9.ce.0","status":"running"},"runner":null,"artifacts_expire_at":null}'
    http_version: 
  recorded_at: Thu, 12 Jul 2018 18:22:42 GMT
- request:
    method: post
    uri: https://dev.gitlab.org/api/v4/projects/gitlab%2Fomnibus-gitlab/jobs/2614902/play
    body:
      encoding: UTF-8
      string: ''
    headers:
      Accept:
      - application/json
      Content-Type:
      - application/x-www-form-urlencoded
      User-Agent:
      - Gitlab Ruby Gem 4.4.0
      Private-Token:
      - "[DEV_API_PRIVATE_TOKEN]"
  response:
    status:
      code: 200
      message: OK
    headers:
      Server:
      - nginx
      Date:
      - Thu, 12 Jul 2018 18:22:43 GMT
      Content-Type:
      - application/json
      Content-Length:
      - '1320'
      Connection:
      - keep-alive
      Cache-Control:
      - max-age=0, private, must-revalidate
      Etag:
      - W/"581211aff7ec7f6eea2314bb5dbd39c4"
      Vary:
      - Origin
      X-Content-Type-Options:
      - nosniff
      X-Frame-Options:
      - SAMEORIGIN
      X-Request-Id:
      - f957fe33-2ad0-43c6-b843-dbcff780d239
      X-Runtime:
      - '0.067003'
      Strict-Transport-Security:
      - max-age=31536000
    body:
      encoding: UTF-8
      string: '{"id":2614902,"status":"pending","stage":"package-release","name":"SLES-12-release","ref":"11.1.0+rc9.ce.0","tag":true,"coverage":null,"created_at":"2018-07-12T11:27:34.149Z","started_at":null,"finished_at":null,"duration":null,"user":{"id":443,"name":"GitLab
        Release Tools Bot","username":"gitlab-release-tools-bot","state":"active","avatar_url":"https://dev.gitlab.org/uploads/-/system/user/avatar/443/ship-it-squirrel.png","web_url":"https://dev.gitlab.org/gitlab-release-tools-bot","created_at":"2018-05-21T19:59:15.157Z","bio":null,"location":null,"skype":"","linkedin":"","twitter":"","website_url":"","organization":null},"commit":{"id":"764056bc72adddeee1435adfddb338719aec7e08","short_id":"764056bc","title":"Update
        VERSION to 11.1.0-rc9","created_at":"2018-07-12T11:27:24.000Z","parent_ids":["dc880c0898a00037ecb66456965825946b6e840e"],"message":"Update
        VERSION to 11.1.0-rc9\n","author_name":"GitLab Release Tools Bot","author_email":"robert+release-tools@gitlab.com","authored_date":"2018-07-12T11:27:24.000Z","committer_name":"GitLab
        Release Tools Bot","committer_email":"robert+release-tools@gitlab.com","committed_date":"2018-07-12T11:27:24.000Z"},"pipeline":{"id":86696,"sha":"764056bc72adddeee1435adfddb338719aec7e08","ref":"11.1.0+rc9.ce.0","status":"running"},"runner":null,"artifacts_expire_at":null}'
    http_version: 
  recorded_at: Thu, 12 Jul 2018 18:22:43 GMT
- request:
    method: post
    uri: https://dev.gitlab.org/api/v4/projects/gitlab%2Fomnibus-gitlab/jobs/2614904/play
    body:
      encoding: UTF-8
      string: ''
    headers:
      Accept:
      - application/json
      Content-Type:
      - application/x-www-form-urlencoded
      User-Agent:
      - Gitlab Ruby Gem 4.4.0
      Private-Token:
      - "[DEV_API_PRIVATE_TOKEN]"
  response:
    status:
      code: 200
      message: OK
    headers:
      Server:
      - nginx
      Date:
      - Thu, 12 Jul 2018 18:22:43 GMT
      Content-Type:
      - application/json
      Content-Length:
      - '1317'
      Connection:
      - keep-alive
      Cache-Control:
      - max-age=0, private, must-revalidate
      Etag:
      - W/"13d070c6c67195f201c85dcfc6447c08"
      Vary:
      - Origin
      X-Content-Type-Options:
      - nosniff
      X-Frame-Options:
      - SAMEORIGIN
      X-Request-Id:
      - 51582704-ca45-4d81-9bd8-e808a94e09e4
      X-Runtime:
      - '0.080187'
      Strict-Transport-Security:
      - max-age=31536000
    body:
      encoding: UTF-8
      string: '{"id":2614904,"status":"pending","stage":"image-release","name":"Docker-Release","ref":"11.1.0+rc9.ce.0","tag":true,"coverage":null,"created_at":"2018-07-12T11:27:34.233Z","started_at":null,"finished_at":null,"duration":null,"user":{"id":443,"name":"GitLab
        Release Tools Bot","username":"gitlab-release-tools-bot","state":"active","avatar_url":"https://dev.gitlab.org/uploads/-/system/user/avatar/443/ship-it-squirrel.png","web_url":"https://dev.gitlab.org/gitlab-release-tools-bot","created_at":"2018-05-21T19:59:15.157Z","bio":null,"location":null,"skype":"","linkedin":"","twitter":"","website_url":"","organization":null},"commit":{"id":"764056bc72adddeee1435adfddb338719aec7e08","short_id":"764056bc","title":"Update
        VERSION to 11.1.0-rc9","created_at":"2018-07-12T11:27:24.000Z","parent_ids":["dc880c0898a00037ecb66456965825946b6e840e"],"message":"Update
        VERSION to 11.1.0-rc9\n","author_name":"GitLab Release Tools Bot","author_email":"robert+release-tools@gitlab.com","authored_date":"2018-07-12T11:27:24.000Z","committer_name":"GitLab
        Release Tools Bot","committer_email":"robert+release-tools@gitlab.com","committed_date":"2018-07-12T11:27:24.000Z"},"pipeline":{"id":86696,"sha":"764056bc72adddeee1435adfddb338719aec7e08","ref":"11.1.0+rc9.ce.0","status":"running"},"runner":null,"artifacts_expire_at":null}'
    http_version: 
  recorded_at: Thu, 12 Jul 2018 18:22:43 GMT
- request:
    method: post
    uri: https://dev.gitlab.org/api/v4/projects/gitlab%2Fomnibus-gitlab/jobs/2614905/play
    body:
      encoding: UTF-8
      string: ''
    headers:
      Accept:
      - application/json
      Content-Type:
      - application/x-www-form-urlencoded
      User-Agent:
      - Gitlab Ruby Gem 4.4.0
      Private-Token:
      - "[DEV_API_PRIVATE_TOKEN]"
  response:
    status:
      code: 200
      message: OK
    headers:
      Server:
      - nginx
      Date:
      - Thu, 12 Jul 2018 18:22:43 GMT
      Content-Type:
      - application/json
      Content-Length:
      - '1306'
      Connection:
      - keep-alive
      Cache-Control:
      - max-age=0, private, must-revalidate
      Etag:
      - W/"0573b95685b63be04ac0cd835dc8883d"
      Vary:
      - Origin
      X-Content-Type-Options:
      - nosniff
      X-Frame-Options:
      - SAMEORIGIN
      X-Request-Id:
      - b89f2c6f-4d8f-4d8e-b040-b7f950f949f9
      X-Runtime:
      - '0.082068'
      Strict-Transport-Security:
      - max-age=31536000
    body:
      encoding: UTF-8
      string: '{"id":2614905,"status":"pending","stage":"image-release","name":"AWS","ref":"11.1.0+rc9.ce.0","tag":true,"coverage":null,"created_at":"2018-07-12T11:27:34.282Z","started_at":null,"finished_at":null,"duration":null,"user":{"id":443,"name":"GitLab
        Release Tools Bot","username":"gitlab-release-tools-bot","state":"active","avatar_url":"https://dev.gitlab.org/uploads/-/system/user/avatar/443/ship-it-squirrel.png","web_url":"https://dev.gitlab.org/gitlab-release-tools-bot","created_at":"2018-05-21T19:59:15.157Z","bio":null,"location":null,"skype":"","linkedin":"","twitter":"","website_url":"","organization":null},"commit":{"id":"764056bc72adddeee1435adfddb338719aec7e08","short_id":"764056bc","title":"Update
        VERSION to 11.1.0-rc9","created_at":"2018-07-12T11:27:24.000Z","parent_ids":["dc880c0898a00037ecb66456965825946b6e840e"],"message":"Update
        VERSION to 11.1.0-rc9\n","author_name":"GitLab Release Tools Bot","author_email":"robert+release-tools@gitlab.com","authored_date":"2018-07-12T11:27:24.000Z","committer_name":"GitLab
        Release Tools Bot","committer_email":"robert+release-tools@gitlab.com","committed_date":"2018-07-12T11:27:24.000Z"},"pipeline":{"id":86696,"sha":"764056bc72adddeee1435adfddb338719aec7e08","ref":"11.1.0+rc9.ce.0","status":"running"},"runner":null,"artifacts_expire_at":null}'
    http_version: 
  recorded_at: Thu, 12 Jul 2018 18:22:43 GMT
- request:
    method: post
    uri: https://dev.gitlab.org/api/v4/projects/gitlab%2Fomnibus-gitlab/jobs/2614906/play
    body:
      encoding: UTF-8
      string: ''
    headers:
      Accept:
      - application/json
      Content-Type:
      - application/x-www-form-urlencoded
      User-Agent:
      - Gitlab Ruby Gem 4.4.0
      Private-Token:
      - "[DEV_API_PRIVATE_TOKEN]"
  response:
    status:
      code: 200
      message: OK
    headers:
      Server:
      - nginx
      Date:
      - Thu, 12 Jul 2018 18:22:44 GMT
      Content-Type:
      - application/json
      Content-Length:
      - '1309'
      Connection:
      - keep-alive
      Cache-Control:
      - max-age=0, private, must-revalidate
      Etag:
      - W/"6668ac9fc91469d80af54c13cc3b4517"
      Vary:
      - Origin
      X-Content-Type-Options:
      - nosniff
      X-Frame-Options:
      - SAMEORIGIN
      X-Request-Id:
      - 46ba9c99-fc89-443b-bc16-f873f0117a18
      X-Runtime:
      - '0.087711'
      Strict-Transport-Security:
      - max-age=31536000
    body:
      encoding: UTF-8
      string: '{"id":2614906,"status":"pending","stage":"image-release","name":"QA-Tag","ref":"11.1.0+rc9.ce.0","tag":true,"coverage":null,"created_at":"2018-07-12T11:27:34.328Z","started_at":null,"finished_at":null,"duration":null,"user":{"id":443,"name":"GitLab
        Release Tools Bot","username":"gitlab-release-tools-bot","state":"active","avatar_url":"https://dev.gitlab.org/uploads/-/system/user/avatar/443/ship-it-squirrel.png","web_url":"https://dev.gitlab.org/gitlab-release-tools-bot","created_at":"2018-05-21T19:59:15.157Z","bio":null,"location":null,"skype":"","linkedin":"","twitter":"","website_url":"","organization":null},"commit":{"id":"764056bc72adddeee1435adfddb338719aec7e08","short_id":"764056bc","title":"Update
        VERSION to 11.1.0-rc9","created_at":"2018-07-12T11:27:24.000Z","parent_ids":["dc880c0898a00037ecb66456965825946b6e840e"],"message":"Update
        VERSION to 11.1.0-rc9\n","author_name":"GitLab Release Tools Bot","author_email":"robert+release-tools@gitlab.com","authored_date":"2018-07-12T11:27:24.000Z","committer_name":"GitLab
        Release Tools Bot","committer_email":"robert+release-tools@gitlab.com","committed_date":"2018-07-12T11:27:24.000Z"},"pipeline":{"id":86696,"sha":"764056bc72adddeee1435adfddb338719aec7e08","ref":"11.1.0+rc9.ce.0","status":"running"},"runner":null,"artifacts_expire_at":null}'
    http_version: 
  recorded_at: Thu, 12 Jul 2018 18:22:44 GMT
- request:
    method: post
    uri: https://dev.gitlab.org/api/v4/projects/gitlab%2Fomnibus-gitlab/jobs/2614911/play
    body:
      encoding: UTF-8
      string: ''
    headers:
      Accept:
      - application/json
      Content-Type:
      - application/x-www-form-urlencoded
      User-Agent:
      - Gitlab Ruby Gem 4.4.0
      Private-Token:
      - "[DEV_API_PRIVATE_TOKEN]"
  response:
    status:
      code: 200
      message: OK
    headers:
      Server:
      - nginx
      Date:
      - Thu, 12 Jul 2018 18:23:13 GMT
      Content-Type:
      - application/json
      Content-Length:
      - '1335'
      Connection:
      - keep-alive
      Cache-Control:
      - max-age=0, private, must-revalidate
      Etag:
      - W/"bf62710120a83710bc882ad55bbf7d19"
      Vary:
      - Origin
      X-Content-Type-Options:
      - nosniff
      X-Frame-Options:
      - SAMEORIGIN
      X-Request-Id:
      - e8528493-8ab0-450a-8309-0a7c43a14c6c
      X-Runtime:
      - '0.087520'
      Strict-Transport-Security:
      - max-age=31536000
    body:
      encoding: UTF-8
      string: '{"id":2614911,"status":"pending","stage":"raspbian-release","name":"Raspberry-Pi-2-Jessie-release","ref":"11.1.0+rc9.ce.0","tag":true,"coverage":null,"created_at":"2018-07-12T11:27:34.586Z","started_at":null,"finished_at":null,"duration":null,"user":{"id":443,"name":"GitLab
        Release Tools Bot","username":"gitlab-release-tools-bot","state":"active","avatar_url":"https://dev.gitlab.org/uploads/-/system/user/avatar/443/ship-it-squirrel.png","web_url":"https://dev.gitlab.org/gitlab-release-tools-bot","created_at":"2018-05-21T19:59:15.157Z","bio":null,"location":null,"skype":"","linkedin":"","twitter":"","website_url":"","organization":null},"commit":{"id":"764056bc72adddeee1435adfddb338719aec7e08","short_id":"764056bc","title":"Update
        VERSION to 11.1.0-rc9","created_at":"2018-07-12T11:27:24.000Z","parent_ids":["dc880c0898a00037ecb66456965825946b6e840e"],"message":"Update
        VERSION to 11.1.0-rc9\n","author_name":"GitLab Release Tools Bot","author_email":"robert+release-tools@gitlab.com","authored_date":"2018-07-12T11:27:24.000Z","committer_name":"GitLab
        Release Tools Bot","committer_email":"robert+release-tools@gitlab.com","committed_date":"2018-07-12T11:27:24.000Z"},"pipeline":{"id":86696,"sha":"764056bc72adddeee1435adfddb338719aec7e08","ref":"11.1.0+rc9.ce.0","status":"running"},"runner":null,"artifacts_expire_at":null}'
    http_version: 
  recorded_at: Thu, 12 Jul 2018 18:23:14 GMT
- request:
    method: post
    uri: https://dev.gitlab.org/api/v4/projects/gitlab%2Fomnibus-gitlab/jobs/2614912/play
    body:
      encoding: UTF-8
      string: ''
    headers:
      Accept:
      - application/json
      Content-Type:
      - application/x-www-form-urlencoded
      User-Agent:
      - Gitlab Ruby Gem 4.4.0
      Private-Token:
      - "[DEV_API_PRIVATE_TOKEN]"
  response:
    status:
      code: 200
      message: OK
    headers:
      Server:
      - nginx
      Date:
      - Thu, 12 Jul 2018 18:23:14 GMT
      Content-Type:
      - application/json
      Content-Length:
      - '1336'
      Connection:
      - keep-alive
      Cache-Control:
      - max-age=0, private, must-revalidate
      Etag:
      - W/"f8f578f5c7b4721ce5257e123667c610"
      Vary:
      - Origin
      X-Content-Type-Options:
      - nosniff
      X-Frame-Options:
      - SAMEORIGIN
      X-Request-Id:
      - fd567395-9791-465f-8b87-716b4102f51f
      X-Runtime:
      - '0.085932'
      Strict-Transport-Security:
      - max-age=31536000
    body:
      encoding: UTF-8
      string: '{"id":2614912,"status":"pending","stage":"raspbian-release","name":"Raspberry-Pi-2-Stretch-release","ref":"11.1.0+rc9.ce.0","tag":true,"coverage":null,"created_at":"2018-07-12T11:27:34.647Z","started_at":null,"finished_at":null,"duration":null,"user":{"id":443,"name":"GitLab
        Release Tools Bot","username":"gitlab-release-tools-bot","state":"active","avatar_url":"https://dev.gitlab.org/uploads/-/system/user/avatar/443/ship-it-squirrel.png","web_url":"https://dev.gitlab.org/gitlab-release-tools-bot","created_at":"2018-05-21T19:59:15.157Z","bio":null,"location":null,"skype":"","linkedin":"","twitter":"","website_url":"","organization":null},"commit":{"id":"764056bc72adddeee1435adfddb338719aec7e08","short_id":"764056bc","title":"Update
        VERSION to 11.1.0-rc9","created_at":"2018-07-12T11:27:24.000Z","parent_ids":["dc880c0898a00037ecb66456965825946b6e840e"],"message":"Update
        VERSION to 11.1.0-rc9\n","author_name":"GitLab Release Tools Bot","author_email":"robert+release-tools@gitlab.com","authored_date":"2018-07-12T11:27:24.000Z","committer_name":"GitLab
        Release Tools Bot","committer_email":"robert+release-tools@gitlab.com","committed_date":"2018-07-12T11:27:24.000Z"},"pipeline":{"id":86696,"sha":"764056bc72adddeee1435adfddb338719aec7e08","ref":"11.1.0+rc9.ce.0","status":"running"},"runner":null,"artifacts_expire_at":null}'
    http_version: 
  recorded_at: Thu, 12 Jul 2018 18:23:14 GMT
recorded_with: VCR 2.9.3
